Component: ARM Compiler 5.06 update 7 (build 960) Tool: armlink [4d3601]

==============================================================================

Section Cross References

    startup_stm32f429xx.o(RESET) refers to startup_stm32f429xx.o(STACK) for __initial_sp
    startup_stm32f429xx.o(RESET) refers to startup_stm32f429xx.o(.text) for Reset_Handler
    startup_stm32f429xx.o(RESET) refers to stm32f4xx_it.o(i.NMI_Handler) for NMI_Handler
    startup_stm32f429xx.o(RESET) refers to stm32f4xx_it.o(i.HardFault_Handler) for HardFault_Handler
    startup_stm32f429xx.o(RESET) refers to stm32f4xx_it.o(i.MemManage_Handler) for MemManage_Handler
    startup_stm32f429xx.o(RESET) refers to stm32f4xx_it.o(i.BusFault_Handler) for BusFault_Handler
    startup_stm32f429xx.o(RESET) refers to stm32f4xx_it.o(i.UsageFault_Handler) for UsageFault_Handler
    startup_stm32f429xx.o(RESET) refers to port.o(.emb_text) for SVC_Handler
    startup_stm32f429xx.o(RESET) refers to stm32f4xx_it.o(i.DebugMon_Handler) for DebugMon_Handler
    startup_stm32f429xx.o(RESET) refers to stm32f4xx_it.o(i.SysTick_Handler) for SysTick_Handler
    startup_stm32f429xx.o(RESET) refers to stm32f4xx_it.o(i.DMA1_Stream1_IRQHandler) for DMA1_Stream1_IRQHandler
    startup_stm32f429xx.o(RESET) refers to stm32f4xx_it.o(i.CAN1_RX0_IRQHandler) for CAN1_RX0_IRQHandler
    startup_stm32f429xx.o(RESET) refers to stm32f4xx_it.o(i.TIM4_IRQHandler) for TIM4_IRQHandler
    startup_stm32f429xx.o(RESET) refers to stm32f4xx_it.o(i.USART1_IRQHandler) for USART1_IRQHandler
    startup_stm32f429xx.o(RESET) refers to stm32f4xx_it.o(i.USART2_IRQHandler) for USART2_IRQHandler
    startup_stm32f429xx.o(RESET) refers to stm32f4xx_it.o(i.USART3_IRQHandler) for USART3_IRQHandler
    startup_stm32f429xx.o(RESET) refers to stm32f4xx_it.o(i.CAN2_RX0_IRQHandler) for CAN2_RX0_IRQHandler
    startup_stm32f429xx.o(RESET) refers to stm32f4xx_it.o(i.CAN2_RX1_IRQHandler) for CAN2_RX1_IRQHandler
    startup_stm32f429xx.o(RESET) refers to stm32f4xx_it.o(i.USART6_IRQHandler) for USART6_IRQHandler
    startup_stm32f429xx.o(.text) refers to system_stm32f4xx.o(i.SystemInit) for SystemInit
    startup_stm32f429xx.o(.text) refers to entry.o(.ARM.Collect$$$$00000000) for __main
    main.o(i.MX_GPIO_Init) refers to stm32f4xx_hal_gpio.o(i.HAL_GPIO_Init) for HAL_GPIO_Init
    main.o(i.MX_GPIO_Init) refers to stm32f4xx_hal_gpio.o(i.HAL_GPIO_WritePin) for HAL_GPIO_WritePin
    main.o(i.SystemClock_Config) refers to stm32f4xx_hal_rcc.o(i.HAL_RCC_OscConfig) for HAL_RCC_OscConfig
    main.o(i.SystemClock_Config) refers to stm32f4xx_hal_pwr_ex.o(i.HAL_PWREx_EnableOverDrive) for HAL_PWREx_EnableOverDrive
    main.o(i.SystemClock_Config) refers to stm32f4xx_hal_rcc.o(i.HAL_RCC_ClockConfig) for HAL_RCC_ClockConfig
    main.o(i.main) refers to stm32f4xx_hal.o(i.HAL_Init) for HAL_Init
    main.o(i.main) refers to main.o(i.SystemClock_Config) for SystemClock_Config
    main.o(i.main) refers to chassis.o(i.CHASSIS_Init) for CHASSIS_Init
    main.o(i.main) refers to chassis.o(i.CHASSIS_PID_Init) for CHASSIS_PID_Init
    main.o(i.main) refers to superstratum.o(i.Hair_ring_Init) for Hair_ring_Init
    main.o(i.main) refers to superstratum.o(i.ALL_PID_SET) for ALL_PID_SET
    main.o(i.main) refers to main.o(i.MX_GPIO_Init) for MX_GPIO_Init
    main.o(i.main) refers to can.o(i.MX_CAN1_Init) for MX_CAN1_Init
    main.o(i.main) refers to can.o(i.MX_CAN2_Init1) for MX_CAN2_Init1
    main.o(i.main) refers to tim.o(i.MX_TIM4_Init) for MX_TIM4_Init
    main.o(i.main) refers to usart.o(i.MX_DMA_Init) for MX_DMA_Init
    main.o(i.main) refers to can.o(i.fifio_Init) for fifio_Init
    main.o(i.main) refers to usart.o(i.MX_USART1_UART_Init) for MX_USART1_UART_Init
    main.o(i.main) refers to usart.o(i.MX_USART2_UART_Init) for MX_USART2_UART_Init
    main.o(i.main) refers to usart.o(i.MX_USART3_UART_Init) for MX_USART3_UART_Init
    main.o(i.main) refers to usart.o(i.MX_USART6_UART_Init) for MX_USART6_UART_Init
    main.o(i.main) refers to freertos.o(i.MX_FREERTOS_Init) for MX_FREERTOS_Init
    main.o(i.main) refers to cmsis_os.o(i.osKernelStart) for osKernelStart
    main.o(i.main) refers to stm32f4xx_hal.o(i.HAL_Delay) for HAL_Delay
    main.o(i.main) refers to main.o(.data) for .data
    main.o(i.main) refers to main.o(.bss) for .bss
    stm32f4xx_it.o(i.CAN1_RX0_IRQHandler) refers to stm32f4xx_hal_can.o(i.HAL_CAN_IRQHandler) for HAL_CAN_IRQHandler
    stm32f4xx_it.o(i.CAN1_RX0_IRQHandler) refers to can.o(.bss) for hcan1
    stm32f4xx_it.o(i.CAN2_RX0_IRQHandler) refers to stm32f4xx_hal_can.o(i.HAL_CAN_IRQHandler) for HAL_CAN_IRQHandler
    stm32f4xx_it.o(i.CAN2_RX0_IRQHandler) refers to stm32f4xx_it.o(.data) for .data
    stm32f4xx_it.o(i.CAN2_RX0_IRQHandler) refers to can.o(.bss) for hcan2
    stm32f4xx_it.o(i.CAN2_RX1_IRQHandler) refers to stm32f4xx_hal_can.o(i.HAL_CAN_IRQHandler) for HAL_CAN_IRQHandler
    stm32f4xx_it.o(i.CAN2_RX1_IRQHandler) refers to stm32f4xx_it.o(.data) for .data
[...]
    OTG_FS_IRQHandler                        0x0800029f   Thumb Code     0  startup_stm32f429xx.o(.text)
    OTG_FS_WKUP_IRQHandler                   0x0800029f   Thumb Code     0  startup_stm32f429xx.o(.text)
    OTG_HS_EP1_IN_IRQHandler                 0x0800029f   Thumb Code     0  startup_stm32f429xx.o(.text)
    OTG_HS_EP1_OUT_IRQHandler                0x0800029f   Thumb Code     0  startup_stm32f429xx.o(.text)
    OTG_HS_IRQHandler                        0x0800029f   Thumb Code     0  startup_stm32f429xx.o(.text)
    OTG_HS_WKUP_IRQHandler                   0x0800029f   Thumb Code     0  startup_stm32f429xx.o(.text)
    PVD_IRQHandler                           0x0800029f   Thumb Code     0  startup_stm32f429xx.o(.text)
    RCC_IRQHandler                           0x0800029f   Thumb Code     0  startup_stm32f429xx.o(.text)
    RTC_Alarm_IRQHandler                     0x0800029f   Thumb Code     0  startup_stm32f429xx.o(.text)
    RTC_WKUP_IRQHandler                      0x0800029f   Thumb Code     0  startup_stm32f429xx.o(.text)
    SAI1_IRQHandler                          0x0800029f   Thumb Code     0  startup_stm32f429xx.o(.text)
    SDIO_IRQHandler                          0x0800029f   Thumb Code     0  startup_stm32f429xx.o(.text)
    SPI1_IRQHandler                          0x0800029f   Thumb Code     0  startup_stm32f429xx.o(.text)
    SPI2_IRQHandler                          0x0800029f   Thumb Code     0  startup_stm32f429xx.o(.text)
    SPI3_IRQHandler                          0x0800029f   Thumb Code     0  startup_stm32f429xx.o(.text)
    SPI4_IRQHandler                          0x0800029f   Thumb Code     0  startup_stm32f429xx.o(.text)
    SPI5_IRQHandler                          0x0800029f   Thumb Code     0  startup_stm32f429xx.o(.text)
    SPI6_IRQHandler                          0x0800029f   Thumb Code     0  startup_stm32f429xx.o(.text)
    TAMP_STAMP_IRQHandler                    0x0800029f   Thumb Code     0  startup_stm32f429xx.o(.text)
    TIM1_BRK_TIM9_IRQHandler                 0x0800029f   Thumb Code     0  startup_stm32f429xx.o(.text)
    TIM1_CC_IRQHandler                       0x0800029f   Thumb Code     0  startup_stm32f429xx.o(.text)
    TIM1_TRG_COM_TIM11_IRQHandler            0x0800029f   Thumb Code     0  startup_stm32f429xx.o(.text)
    TIM1_UP_TIM10_IRQHandler                 0x0800029f   Thumb Code     0  startup_stm32f429xx.o(.text)
    TIM2_IRQHandler                          0x0800029f   Thumb Code     0  startup_stm32f429xx.o(.text)
    TIM3_IRQHandler                          0x0800029f   Thumb Code     0  startup_stm32f429xx.o(.text)
    TIM5_IRQHandler                          0x0800029f   Thumb Code     0  startup_stm32f429xx.o(.text)
    TIM6_DAC_IRQHandler                      0x0800029f   Thumb Code     0  startup_stm32f429xx.o(.text)
    TIM7_IRQHandler                          0x0800029f   Thumb Code     0  startup_stm32f429xx.o(.text)
    TIM8_BRK_TIM12_IRQHandler                0x0800029f   Thumb Code     0  startup_stm32f429xx.o(.text)
    TIM8_CC_IRQHandler                       0x0800029f   Thumb Code     0  startup_stm32f429xx.o(.text)
    TIM8_TRG_COM_TIM14_IRQHandler            0x0800029f   Thumb Code     0  startup_stm32f429xx.o(.text)
    TIM8_UP_TIM13_IRQHandler                 0x0800029f   Thumb Code     0  startup_stm32f429xx.o(.text)
    UART4_IRQHandler                         0x0800029f   Thumb Code     0  startup_stm32f429xx.o(.text)
    UART5_IRQHandler                         0x0800029f   Thumb Code     0  startup_stm32f429xx.o(.text)
    UART7_IRQHandler                         0x0800029f   Thumb Code     0  startup_stm32f429xx.o(.text)
    UART8_IRQHandler                         0x0800029f   Thumb Code     0  startup_stm32f429xx.o(.text)
    WWDG_IRQHandler                          0x0800029f   Thumb Code     0  startup_stm32f429xx.o(.text)
    __aeabi_uldivmod                         0x080002a9   Thumb Code    98  uldiv.o(.text)
    __aeabi_memset                           0x0800030b   Thumb Code    14  memseta.o(.text)
    __aeabi_memset4                          0x0800030b   Thumb Code     0  memseta.o(.text)
    __aeabi_memset8                          0x0800030b   Thumb Code     0  memseta.o(.text)
    __aeabi_memclr                           0x08000319   Thumb Code     4  memseta.o(.text)
    __aeabi_memclr4                          0x08000319   Thumb Code     0  memseta.o(.text)
    __aeabi_memclr8                          0x08000319   Thumb Code     0  memseta.o(.text)
    memset                                   0x0800031d   Thumb Code    18  memseta.o(.text)
    __aeabi_dadd                             0x0800032f   Thumb Code   322  dadd.o(.text)
    __aeabi_dsub                             0x08000471   Thumb Code     6  dadd.o(.text)
    __aeabi_drsub                            0x08000477   Thumb Code     6  dadd.o(.text)
    __aeabi_dmul                             0x0800047d   Thumb Code   228  dmul.o(.text)
    __aeabi_ddiv                             0x08000561   Thumb Code   222  ddiv.o(.text)
    __aeabi_i2d                              0x0800063f   Thumb Code    34  dflti.o(.text)
    __aeabi_d2iz                             0x08000661   Thumb Code    62  dfixi.o(.text)
    __aeabi_f2d                              0x0800069f   Thumb Code    38  f2d.o(.text)
    __aeabi_cdcmpeq                          0x080006c5   Thumb Code     0  cdcmple.o(.text)
    __aeabi_cdcmple                          0x080006c5   Thumb Code    48  cdcmple.o(.text)
    __aeabi_cdrcmple                         0x080006f5   Thumb Code    48  cdrcmple.o(.text)
    __aeabi_d2f                              0x08000725   Thumb Code    56  d2f.o(.text)
    __aeabi_llsl                             0x0800075d   Thumb Code    30  llshl.o(.text)
    _ll_shift_l                              0x0800075d   Thumb Code     0  llshl.o(.text)
    __aeabi_llsr                             0x0800077b   Thumb Code    32  llushr.o(.text)
    _ll_ushift_r                             0x0800077b   Thumb Code     0  llushr.o(.text)
    __aeabi_lasr                             0x0800079b   Thumb Code    36  llsshr.o(.text)
    _ll_sshift_r                             0x0800079b   Thumb Code     0  llsshr.o(.text)
    __I$use$fp                               0x080007bf   Thumb Code     0  iusefp.o(.text)
    _float_round                             0x080007bf   Thumb Code    18  fepilogue.o(.text)
    _float_epilogue                          0x080007d1   Thumb Code    92  fepilogue.o(.text)
    _double_round                            0x0800082d   Thumb Code    30  depilogue.o(.text)
    _double_epilogue                         0x0800084b   Thumb Code   156  depilogue.o(.text)
    _dsqrt                                   0x080008e7   Thumb Code   162  dsqrt.o(.text)
    __scatterload                            0x08000989   Thumb Code    28  init.o(.text)
    __scatterload_rt2                        0x08000989   Thumb Code     0  init.o(.text)
    __decompress                             0x080009ad   Thumb Code     0  __dczerorl.o(.text)
    __decompress0                            0x080009ad   Thumb Code    58  __dczerorl.o(.text)
    ALL_PID_SET                              0x080009e9   Thumb Code   354  superstratum.o(i.ALL_PID_SET)
    Add_Task                                 0x08000b59   Thumb Code    12  freertos.o(i.Add_Task)
    Auto_Task                                0x08000b65   Thumb Code    16  freertos.o(i.Auto_Task)
    Auto_chassic_mode                        0x08000b79   Thumb Code  1630  auto.o(i.Auto_chassic_mode)
    Auto_control_task                        0x080011f5   Thumb Code   218  auto.o(i.Auto_control_task)
    BusFault_Handler                         0x08001301   Thumb Code     2  stm32f4xx_it.o(i.BusFault_Handler)
    CAN1_RX0_IRQHandler                      0x08001305   Thumb Code    20  stm32f4xx_it.o(i.CAN1_RX0_IRQHandler)
    CAN2_RX0_IRQHandler                      0x0800131d   Thumb Code    40  stm32f4xx_it.o(i.CAN2_RX0_IRQHandler)
    CAN2_RX1_IRQHandler                      0x0800134d   Thumb Code    14  stm32f4xx_it.o(i.CAN2_RX1_IRQHandler)
    CAN_cmd_AGV_chassis                      0x08001365   Thumb Code    88  can_receive.o(i.CAN_cmd_AGV_chassis)
    CAN_cmd_chassis                          0x080013c9   Thumb Code   116  can_receive.o(i.CAN_cmd_chassis)
    CAN_cmd_gimbal1                          0x0800144d   Thumb Code   102  can_receive.o(i.CAN_cmd_gimbal1)
    CAN_cmd_gimbal2                          0x080014c5   Thumb Code   124  can_receive.o(i.CAN_cmd_gimbal2)
    CHASSIS_Init                             0x0800154d   Thumb Code    30  chassis.o(i.CHASSIS_Init)
    CHASSIS_PID_Init                         0x08001581   Thumb Code   468  chassis.o(i.CHASSIS_PID_Init)
    Chassic_Task                             0x08001781   Thumb Code    16  freertos.o(i.Chassic_Task)
    Control_Task                             0x08001791   Thumb Code    78  chassis.o(i.Control_Task)
    DMA1_Stream1_IRQHandler                  0x080017ed   Thumb Code    18  stm32f4xx_it.o(i.DMA1_Stream1_IRQHandler)
    DebugMon_Handler                         0x08001809   Thumb Code     2  stm32f4xx_it.o(i.DebugMon_Handler)
    Error_Handler                            0x0800180b   Thumb Code     4  main.o(i.Error_Handler)
    GET_InitPinstate                         0x08001811   Thumb Code   124  auto.o(i.GET_InitPinstate)
    HAL_CAN_ActivateNotification             0x0800189d   Thumb Code    42  stm32f4xx_hal_can.o(i.HAL_CAN_ActivateNotification)
    HAL_CAN_AddTxMessage                     0x080018c9   Thumb Code   408  stm32f4xx_hal_can.o(i.HAL_CAN_AddTxMessage)
    HAL_CAN_ConfigFilter                     0x08001a85   Thumb Code   280  stm32f4xx_hal_can.o(i.HAL_CAN_ConfigFilter)
    HAL_CAN_ErrorCallback                    0x08001ba1   Thumb Code     2  stm32f4xx_hal_can.o(i.HAL_CAN_ErrorCallback)
    HAL_CAN_GetError                         0x08001ba3   Thumb Code     4  stm32f4xx_hal_can.o(i.HAL_CAN_GetError)
    HAL_CAN_GetRxFifoFillLevel               0x08001ba7   Thumb Code    34  stm32f4xx_hal_can.o(i.HAL_CAN_GetRxFifoFillLevel)
    HAL_CAN_GetRxMessage                     0x08001bc9   Thumb Code   330  stm32f4xx_hal_can.o(i.HAL_CAN_GetRxMessage)
    HAL_CAN_GetState                         0x08001d13   Thumb Code    40  stm32f4xx_hal_can.o(i.HAL_CAN_GetState)
    HAL_CAN_IRQHandler                       0x08001d3b   Thumb Code   566  stm32f4xx_hal_can.o(i.HAL_CAN_IRQHandler)
    HAL_CAN_Init                             0x08001f71   Thumb Code   298  stm32f4xx_hal_can.o(i.HAL_CAN_Init)
    HAL_CAN_MspInit                          0x0800209d   Thumb Code   326  stm32f4xx_hal_msp.o(i.HAL_CAN_MspInit)
    HAL_CAN_RxFifo0FullCallback              0x08002201   Thumb Code     2  stm32f4xx_hal_can.o(i.HAL_CAN_RxFifo0FullCallback)
    HAL_CAN_RxFifo0MsgPendingCallback        0x08002205   Thumb Code   240  can_receive.o(i.HAL_CAN_RxFifo0MsgPendingCallback)
    HAL_CAN_RxFifo1FullCallback              0x08002309   Thumb Code     2  stm32f4xx_hal_can.o(i.HAL_CAN_RxFifo1FullCallback)
    HAL_CAN_RxFifo1MsgPendingCallback        0x0800230b   Thumb Code     2  stm32f4xx_hal_can.o(i.HAL_CAN_RxFifo1MsgPendingCallback)
    HAL_CAN_SleepCallback                    0x0800230d   Thumb Code     2  stm32f4xx_hal_can.o(i.HAL_CAN_SleepCallback)
    HAL_CAN_Start                            0x08002311   Thumb Code   100  stm32f4xx_hal_can.o(i.HAL_CAN_Start)
    HAL_CAN_TxMailbox0AbortCallback          0x08002375   Thumb Code     2  stm32f4xx_hal_can.o(i.HAL_CAN_TxMailbox0AbortCallback)
    HAL_CAN_TxMailbox0CompleteCallback       0x08002377   Thumb Code     2  stm32f4xx_hal_can.o(i.HAL_CAN_TxMailbox0CompleteCallback)
    HAL_CAN_TxMailbox1AbortCallback          0x08002379   Thumb Code     2  stm32f4xx_hal_can.o(i.HAL_CAN_TxMailbox1AbortCallback)
    HAL_CAN_TxMailbox1CompleteCallback       0x0800237b   Thumb Code     2  stm32f4xx_hal_can.o(i.HAL_CAN_TxMailbox1CompleteCallback)
    HAL_CAN_TxMailbox2AbortCallback          0x0800237d   Thumb Code     2  stm32f4xx_hal_can.o(i.HAL_CAN_TxMailbox2AbortCallback)
    HAL_CAN_TxMailbox2CompleteCallback       0x0800237f   Thumb Code     2  stm32f4xx_hal_can.o(i.HAL_CAN_TxMailbox2CompleteCallback)
    HAL_CAN_WakeUpFromRxMsgCallback          0x08002381   Thumb Code     2  stm32f4xx_hal_can.o(i.HAL_CAN_WakeUpFromRxMsgCallback)
    HAL_DMA_Abort                            0x08002383   Thumb Code   166  stm32f4xx_hal_dma.o(i.HAL_DMA_Abort)
    HAL_DMA_Abort_IT                         0x08002429   Thumb Code    36  stm32f4xx_hal_dma.o(i.HAL_DMA_Abort_IT)
    HAL_DMA_GetError                         0x0800244d   Thumb Code     4  stm32f4xx_hal_dma.o(i.HAL_DMA_GetError)
    HAL_DMA_IRQHandler                       0x08002451   Thumb Code   470  stm32f4xx_hal_dma.o(i.HAL_DMA_IRQHandler)
    HAL_DMA_Init                             0x0800262d   Thumb Code   334  stm32f4xx_hal_dma.o(i.HAL_DMA_Init)
    HAL_DMA_Start_IT                         0x08002789   Thumb Code   146  stm32f4xx_hal_dma.o(i.HAL_DMA_Start_IT)
    HAL_Delay                                0x0800281d   Thumb Code    34  stm32f4xx_hal.o(i.HAL_Delay)
    HAL_GPIO_DeInit                          0x08002845   Thumb Code   360  stm32f4xx_hal_gpio.o(i.HAL_GPIO_DeInit)
    HAL_GPIO_Init                            0x080029b9   Thumb Code   586  stm32f4xx_hal_gpio.o(i.HAL_GPIO_Init)
    HAL_GPIO_ReadPin                         0x08002c19   Thumb Code    10  stm32f4xx_hal_gpio.o(i.HAL_GPIO_ReadPin)
    HAL_GPIO_WritePin                        0x08002c23   Thumb Code    10  stm32f4xx_hal_gpio.o(i.HAL_GPIO_WritePin)
    HAL_GetTick                              0x08002c2d   Thumb Code     6  stm32f4xx_hal.o(i.HAL_GetTick)
    HAL_IncTick                              0x08002c39   Thumb Code    12  stm32f4xx_hal.o(i.HAL_IncTick)
    HAL_Init                                 0x08002c49   Thumb Code    48  stm32f4xx_hal.o(i.HAL_Init)
    HAL_InitTick                             0x08002c7d   Thumb Code    54  stm32f4xx_hal.o(i.HAL_InitTick)
    HAL_MspInit                              0x08002cbd   Thumb Code    42  stm32f4xx_hal_msp.o(i.HAL_MspInit)
    HAL_NVIC_DisableIRQ                      0x08002cf1   Thumb Code    38  stm32f4xx_hal_cortex.o(i.HAL_NVIC_DisableIRQ)
    HAL_NVIC_EnableIRQ                       0x08002d17   Thumb Code    30  stm32f4xx_hal_cortex.o(i.HAL_NVIC_EnableIRQ)
    HAL_NVIC_SetPriority                     0x08002d35   Thumb Code    96  stm32f4xx_hal_cortex.o(i.HAL_NVIC_SetPriority)
    HAL_NVIC_SetPriorityGrouping             0x08002d99   Thumb Code    30  stm32f4xx_hal_cortex.o(i.HAL_NVIC_SetPriorityGrouping)
    HAL_PWREx_EnableOverDrive                0x08002dbd   Thumb Code   108  stm32f4xx_hal_pwr_ex.o(i.HAL_PWREx_EnableOverDrive)
    HAL_RCC_ClockConfig                      0x08002e35   Thumb Code   324  stm32f4xx_hal_rcc.o(i.HAL_RCC_ClockConfig)
    HAL_RCC_GetPCLK1Freq                     0x08002f91   Thumb Code    20  stm32f4xx_hal_rcc.o(i.HAL_RCC_GetPCLK1Freq)
    HAL_RCC_GetPCLK2Freq                     0x08002fb1   Thumb Code    20  stm32f4xx_hal_rcc.o(i.HAL_RCC_GetPCLK2Freq)
    HAL_RCC_GetSysClockFreq                  0x08002fd1   Thumb Code    98  stm32f4xx_hal_rcc.o(i.HAL_RCC_GetSysClockFreq)
    HAL_RCC_OscConfig                        0x08003045   Thumb Code   958  stm32f4xx_hal_rcc.o(i.HAL_RCC_OscConfig)
    HAL_SYSTICK_Config                       0x08003429   Thumb Code    38  stm32f4xx_hal_cortex.o(i.HAL_SYSTICK_Config)
    HAL_TIMEx_BreakCallback                  0x08003455   Thumb Code     2  stm32f4xx_hal_tim_ex.o(i.HAL_TIMEx_BreakCallback)
    HAL_TIMEx_CommutCallback                 0x08003457   Thumb Code     2  stm32f4xx_hal_tim_ex.o(i.HAL_TIMEx_CommutCallback)
    HAL_TIMEx_MasterConfigSynchronization    0x08003459   Thumb Code   150  stm32f4xx_hal_tim_ex.o(i.HAL_TIMEx_MasterConfigSynchronization)
    HAL_TIM_Base_Init                        0x080034ef   Thumb Code    54  stm32f4xx_hal_tim.o(i.HAL_TIM_Base_Init)
    HAL_TIM_Base_MspInit                     0x08003525   Thumb Code    54  tim.o(i.HAL_TIM_Base_MspInit)
    HAL_TIM_Base_Start_IT                    0x08003561   Thumb Code    34  stm32f4xx_hal_tim.o(i.HAL_TIM_Base_Start_IT)
    HAL_TIM_Base_Stop_IT                     0x08003583   Thumb Code    42  stm32f4xx_hal_tim.o(i.HAL_TIM_Base_Stop_IT)
    HAL_TIM_IC_CaptureCallback               0x080035ad   Thumb Code     2  stm32f4xx_hal_tim.o(i.HAL_TIM_IC_CaptureCallback)
    HAL_TIM_IRQHandler                       0x080035af   Thumb Code   364  stm32f4xx_hal_tim.o(i.HAL_TIM_IRQHandler)
    HAL_TIM_OC_DelayElapsedCallback          0x0800371b   Thumb Code     2  stm32f4xx_hal_tim.o(i.HAL_TIM_OC_DelayElapsedCallback)
    HAL_TIM_PWM_PulseFinishedCallback        0x0800371d   Thumb Code     2  stm32f4xx_hal_tim.o(i.HAL_TIM_PWM_PulseFinishedCallback)
    HAL_TIM_PeriodElapsedCallback            0x08003721   Thumb Code    44  tim.o(i.HAL_TIM_PeriodElapsedCallback)
    HAL_TIM_TriggerCallback                  0x08003761   Thumb Code     2  stm32f4xx_hal_tim.o(i.HAL_TIM_TriggerCallback)
    HAL_UARTEx_RxEventCallback               0x08003763   Thumb Code     2  stm32f4xx_hal_uart.o(i.HAL_UARTEx_RxEventCallback)
    HAL_UART_AbortReceive                    0x08003765   Thumb Code   158  stm32f4xx_hal_uart.o(i.HAL_UART_AbortReceive)
    HAL_UART_DMAStop                         0x08003803   Thumb Code   212  stm32f4xx_hal_uart.o(i.HAL_UART_DMAStop)
    HAL_UART_DeInit                          0x080038d7   Thumb Code    56  stm32f4xx_hal_uart.o(i.HAL_UART_DeInit)
    HAL_UART_ErrorCallback                   0x0800390f   Thumb Code     2  stm32f4xx_hal_uart.o(i.HAL_UART_ErrorCallback)
    HAL_UART_IRQHandler                      0x08003911   Thumb Code   772  stm32f4xx_hal_uart.o(i.HAL_UART_IRQHandler)
    HAL_UART_Init                            0x08003c19   Thumb Code   100  stm32f4xx_hal_uart.o(i.HAL_UART_Init)
    HAL_UART_MspDeInit                       0x08003c7d   Thumb Code    46  stm32f4xx_hal_msp.o(i.HAL_UART_MspDeInit)
    HAL_UART_MspInit                         0x08003cb5   Thumb Code   440  stm32f4xx_hal_msp.o(i.HAL_UART_MspInit)
    HAL_UART_Receive_DMA                     0x08003e89   Thumb Code    32  stm32f4xx_hal_uart.o(i.HAL_UART_Receive_DMA)
    HAL_UART_Receive_IT                      0x08003ea9   Thumb Code    82  stm32f4xx_hal_uart.o(i.HAL_UART_Receive_IT)
    HAL_UART_RxCpltCallback                  0x08003efd   Thumb Code   358  sbus.o(i.HAL_UART_RxCpltCallback)
    HAL_UART_RxHalfCpltCallback              0x08004089   Thumb Code     2  stm32f4xx_hal_uart.o(i.HAL_UART_RxHalfCpltCallback)
    HAL_UART_Transmit                        0x0800408d   Thumb Code   338  stm32f4xx_hal_uart.o(i.HAL_UART_Transmit)
    HAL_UART_TxCpltCallback                  0x080041df   Thumb Code     2  stm32f4xx_hal_uart.o(i.HAL_UART_TxCpltCallback)
    HWT605_Data                              0x080041e1   Thumb Code   278  hwt101.o(i.HWT605_Data)
    Hair_ring_Init                           0x08004331   Thumb Code    66  superstratum.o(i.Hair_ring_Init)
    HardFault_Handler                        0x0800439d   Thumb Code     2  stm32f4xx_it.o(i.HardFault_Handler)
    MX_CAN1_Init                             0x080043a1   Thumb Code   128  can.o(i.MX_CAN1_Init)
    MX_CAN2_Init1                            0x0800442d   Thumb Code   122  can.o(i.MX_CAN2_Init1)
    MX_DMA_Init                              0x080044b5   Thumb Code    40  usart.o(i.MX_DMA_Init)
    MX_FREERTOS_Init                         0x080044e1   Thumb Code   166  freertos.o(i.MX_FREERTOS_Init)
    MX_GPIO_Init                             0x08004591   Thumb Code   268  main.o(i.MX_GPIO_Init)
    MX_TIM4_Init                             0x080046b1   Thumb Code    68  tim.o(i.MX_TIM4_Init)
    MX_USART1_UART_Init                      0x080046fd   Thumb Code    62  usart.o(i.MX_USART1_UART_Init)
    MX_USART2_UART_Init                      0x0800474d   Thumb Code    54  usart.o(i.MX_USART2_UART_Init)
    MX_USART3_UART_Init                      0x08004791   Thumb Code    68  usart.o(i.MX_USART3_UART_Init)
    MX_USART6_UART_Init                      0x080047e1   Thumb Code    56  usart.o(i.MX_USART6_UART_Init)
    MemManage_Handler                        0x08004825   Thumb Code     2  stm32f4xx_it.o(i.MemManage_Handler)
    Mode_Task                                0x08004829   Thumb Code    20  freertos.o(i.Mode_Task)
    NMI_Handler                              0x08004841   Thumb Code     2  stm32f4xx_it.o(i.NMI_Handler)
    PID_Init                                 0x08004845   Thumb Code    58  pid.o(i.PID_Init)
    PID_SET                                  0x08004885   Thumb Code    18  pid.o(i.PID_SET)
    PID_incremental                          0x08004899   Thumb Code   214  pid.o(i.PID_incremental)
    PID_position                             0x08004975   Thumb Code   150  pid.o(i.PID_position)
    Protect_Task                             0x08004a0b   Thumb Code     8  freertos.o(i.Protect_Task)
    SYSTEM_Init_only                         0x08004a13   Thumb Code     8  hwt101.o(i.SYSTEM_Init_only)
    Speed_loop                               0x08004a1d   Thumb Code   580  chassis.o(i.Speed_loop)
    Steer                                    0x08004c75   Thumb Code    38  chassis.o(i.Steer)
    Superstratum_Task                        0x08004ca5   Thumb Code    12  freertos.o(i.Superstratum_Task)
    SysTick_Handler                          0x08004cb1   Thumb Code    24  stm32f4xx_it.o(i.SysTick_Handler)
    SystemClock_Config                       0x08004cc9   Thumb Code   150  main.o(i.SystemClock_Config)
    SystemInit                               0x08004d69   Thumb Code    20  system_stm32f4xx.o(i.SystemInit)
    TIM4_IRQHandler                          0x08004d85   Thumb Code     6  stm32f4xx_it.o(i.TIM4_IRQHandler)
    TIM_Base_SetConfig                       0x08004d91   Thumb Code   184  stm32f4xx_hal_tim.o(i.TIM_Base_SetConfig)
    Target_speed                             0x08004e61   Thumb Code   578  chassis.o(i.Target_speed)
    UART_Start_Receive_DMA                   0x08005435   Thumb Code   148  stm32f4xx_hal_uart.o(i.UART_Start_Receive_DMA)
    USART1_IRQHandler                        0x08005591   Thumb Code     6  stm32f4xx_it.o(i.USART1_IRQHandler)
    USART2_IRQHandler                        0x0800559d   Thumb Code     6  stm32f4xx_it.o(i.USART2_IRQHandler)
    USART3_IRQHandler                        0x080055a9   Thumb Code    18  stm32f4xx_it.o(i.USART3_IRQHandler)
    USART6_IRQHandler                        0x080055c1   Thumb Code     6  stm32f4xx_it.o(i.USART6_IRQHandler)
    USER_GYRO_IDLE_IRQHandler                0x080055cd   Thumb Code   158  hwt101.o(i.USER_GYRO_IDLE_IRQHandler)
    UsageFault_Handler                       0x0800567d   Thumb Code     2  stm32f4xx_it.o(i.UsageFault_Handler)
    __ARM_fpclassify                         0x0800567f   Thumb Code    48  fpclassify.o(i.__ARM_fpclassify)
    __hardfp_atan                            0x080056b1   Thumb Code   622  atan.o(i.__hardfp_atan)
    __hardfp_atan2                           0x08005989   Thumb Code   448  atan2.o(i.__hardfp_atan2)
    __hardfp_sqrt                            0x08005b89   Thumb Code   122  sqrt.o(i.__hardfp_sqrt)
    __kernel_poly                            0x08005c03   Thumb Code   248  poly.o(i.__kernel_poly)
    __mathlib_dbl_infnan                     0x08005cfb   Thumb Code    20  dunder.o(i.__mathlib_dbl_infnan)
    __mathlib_dbl_infnan2                    0x08005d0f   Thumb Code    20  dunder.o(i.__mathlib_dbl_infnan2)
    __mathlib_dbl_underflow                  0x08005d29   Thumb Code    24  dunder.o(i.__mathlib_dbl_underflow)
    __scatterload_copy                       0x08005d49   Thumb Code    14  handlers.o(i.__scatterload_copy)
    __scatterload_null                       0x08005d57   Thumb Code     2  handlers.o(i.__scatterload_null)
    __scatterload_zeroinit                   0x08005d59   Thumb Code    14  handlers.o(i.__scatterload_zeroinit)
    __set_errno                              0x08005d69   Thumb Code     6  errno.o(i.__set_errno)
    atan                                     0x08005d75   Thumb Code    16  atan.o(i.atan)
    auto_control_state                       0x08005d89   Thumb Code   950  auto.o(i.auto_control_state)
    calculateJoystickIncrement               0x08006199   Thumb Code    54  superstratum.o(i.calculateJoystickIncrement)
    chassis_limit                            0x080061d5   Thumb Code   566  chassis.o(i.chassis_limit)
    checkRxBufferTimeout                     0x0800640d   Thumb Code   110  sbus.o(i.checkRxBufferTimeout)
    control_sup                              0x08006499   Thumb Code   100  auto.o(i.control_sup)
    control_sup_task                         0x08006531   Thumb Code   212  superstratum.o(i.control_sup_task)
    diancifa                                 0x0800663d   Thumb Code    60  superstratum.o(i.diancifa)
    fabs                                     0x08006685   Thumb Code    24  fabs.o(i.fabs)
    fifio_Init                               0x0800669d   Thumb Code     2  can.o(i.fifio_Init)
    free                                     0x080066a1   Thumb Code    76  malloc.o(i.free)
    get_MotorTotalAngle                      0x080066f1   Thumb Code   196  can_receive.o(i.get_MotorTotalAngle)
    main                                     0x080067c5   Thumb Code   168  main.o(i.main)
    malloc                                   0x08006895   Thumb Code    92  malloc.o(i.malloc)
    mode_judge                               0x08006901   Thumb Code   170  mode_choic.o(i.mode_judge)
    motion                                   0x080069bd   Thumb Code   110  superstratum.o(i.motion)
    osDelay                                  0x08006a3d   Thumb Code    16  cmsis_os.o(i.osDelay)
    osKernelStart                            0x08006a4d   Thumb Code    10  cmsis_os.o(i.osKernelStart)
    osKernelSysTick                          0x08006a57   Thumb Code    14  cmsis_os.o(i.osKernelSysTick)
    osThreadCreate                           0x08006a65   Thumb Code   104  cmsis_os.o(i.osThreadCreate)
    processReceivedData_R                    0x08006acd   Thumb Code   146  sbus.o(i.processReceivedData_R)
    processReceivedData_V                    0x08006b69   Thumb Code   146  sbus.o(i.processReceivedData_V)
    pvPortMalloc                             0x08006e15   Thumb Code   386  heap_4.o(i.pvPortMalloc)
    pxPortInitialiseStack                    0x08006fa5   Thumb Code    38  port.o(i.pxPortInitialiseStack)
    remote_control                           0x08006fd1   Thumb Code  1256  superstratum.o(i.remote_control)
    remote_control_                          0x080074d1   Thumb Code   360  chassis.o(i.remote_control_)
    sbus_decoder                             0x08007665   Thumb Code   308  sbus.o(i.sbus_decoder)
    sup_add_task                             0x080077a1   Thumb Code   296  add.o(i.sup_add_task)
    usart_send_char                          0x080078ed   Thumb Code    50  niming.o(i.usart_send_char)
    usart_send_message                       0x08007925   Thumb Code   136  auto.o(i.usart_send_message)
    uxListRemove                             0x080079b5   Thumb Code    38  list.o(i.uxListRemove)
    vApplicationGetIdleTaskMemory            0x080079dd   Thumb Code    16  freertos.o(i.vApplicationGetIdleTaskMemory)
    vListInitialise                          0x080079f1   Thumb Code    22  list.o(i.vListInitialise)
    vListInitialiseItem                      0x08007a07   Thumb Code     6  list.o(i.vListInitialiseItem)
    vListInsert                              0x08007a0d   Thumb Code    58  list.o(i.vListInsert)
    vListInsertEnd                           0x08007a47   Thumb Code    24  list.o(i.vListInsertEnd)
    vPortEnterCritical                       0x08007a61   Thumb Code    56  port.o(i.vPortEnterCritical)
    vPortExitCritical                        0x08007aa1   Thumb Code    38  port.o(i.vPortExitCritical)
    vPortFree                                0x08007acd   Thumb Code   158  heap_4.o(i.vPortFree)
    vPortSetupTimerInterrupt                 0x08007b75   Thumb Code    32  port.o(i.vPortSetupTimerInterrupt)
    vPortValidateInterruptPriority           0x08007b99   Thumb Code    74  port.o(i.vPortValidateInterruptPriority)
    vTaskDelay                               0x08007bed   Thumb Code    66  tasks.o(i.vTaskDelay)
    vTaskStartScheduler                      0x08007c39   Thumb Code    90  tasks.o(i.vTaskStartScheduler)
    vTaskSuspendAll                          0x08007ca5   Thumb Code    10  tasks.o(i.vTaskSuspendAll)
    vTaskSwitchContext                       0x08007cb5   Thumb Code    84  tasks.o(i.vTaskSwitchContext)
    value_init                               0x08007d11   Thumb Code   198  auto.o(i.value_init)
    xPortStartScheduler                      0x08007df5   Thumb Code   232  port.o(i.xPortStartScheduler)
    xPortSysTickHandler                      0x08007ef9   Thumb Code    38  port.o(i.xPortSysTickHandler)
    xTaskCreate                              0x08007f25   Thumb Code   182  tasks.o(i.xTaskCreate)
    xTaskCreateStatic                        0x08007fdb   Thumb Code   208  tasks.o(i.xTaskCreateStatic)
    xTaskGetSchedulerState                   0x080080ad   Thumb Code    24  tasks.o(i.xTaskGetSchedulerState)
    xTaskGetTickCount                        0x080080c9   Thumb Code     6  tasks.o(i.xTaskGetTickCount)
    xTaskGetTickCountFromISR                 0x080080d5   Thumb Code    12  tasks.o(i.xTaskGetTickCountFromISR)
    xTaskIncrementTick                       0x080080e5   Thumb Code   226  tasks.o(i.xTaskIncrementTick)
    xTaskResumeAll                           0x080081d1   Thumb Code   426  tasks.o(i.xTaskResumeAll)
    AHBPrescTable                            0x08008438   Data          16  system_stm32f4xx.o(.constdata)
    APBPrescTable                            0x08008448   Data           8  system_stm32f4xx.o(.constdata)
    __mathlib_zero                           0x080084e8   Data           8  qnan.o(.constdata)
    Region$$Table$$Base                      0x08008538   Number         0  anon$$obj.o(Region$$Table)
    Region$$Table$$Limit                     0x08008558   Number         0  anon$$obj.o(Region$$Table)
    pinstate                                 0x20000000   Data           4  main.o(.data)
    Oi                                       0x20000004   Data           4  main.o(.data)
    aaaaa                                    0x20000008   Data           4  main.o(.data)
    e2                                       0x2000000c   Data           4  stm32f4xx_it.o(.data)
    final                                    0x20000010   Data           4  stm32f4xx_it.o(.data)
    final1                                   0x20000014   Data           4  stm32f4xx_it.o(.data)
    e1                                       0x20000018   Data           4  stm32f4xx_it.o(.data)
    aaaaaaa                                  0x2000001c   Data           4  stm32f4xx_it.o(.data)
    ccccv                                    0x20000020   Data           4  stm32f4xx_hal_msp.o(.data)
    abcde                                    0x20000024   Data           4  freertos.o(.data)
    testt                                    0x20000028   Data           4  freertos.o(.data)
    defaultTaskHandle                        0x2000002c   Data           4  freertos.o(.data)
    myTask02Handle                           0x20000030   Data           4  freertos.o(.data)
    myTask03Handle                           0x20000034   Data           4  freertos.o(.data)
    myTask04Handle                           0x20000038   Data           4  freertos.o(.data)
    myTask05Handle                           0x2000003c   Data           4  freertos.o(.data)
    myTask06Handle                           0x20000040   Data           4  freertos.o(.data)
    cnt                                      0x20000044   Data           4  tim.o(.data)
    i                                        0x20000048   Data           4  stm32f4xx_hal_can.o(.data)
    j                                        0x2000004c   Data           4  stm32f4xx_hal_can.o(.data)
    uwTickFreq                               0x20000050   Data           1  stm32f4xx_hal.o(.data)
    uwTickPrio                               0x20000054   Data           4  stm32f4xx_hal.o(.data)
    uwTick                                   0x20000058   Data           4  stm32f4xx_hal.o(.data)
    SystemCoreClock                          0x2000005c   Data           4  system_stm32f4xx.o(.data)
    mark                                     0x20000064   Data           4  can_receive.o(.data)
    a                                        0x20000068   Data           4  can_receive.o(.data)
    interruptFlags1                          0x2000006c   Data           4  can_receive.o(.data)
    interruptFlags2                          0x20000070   Data           4  can_receive.o(.data)
    interruptFlags3                          0x20000074   Data           4  can_receive.o(.data)
    interruptFlags4                          0x20000078   Data           4  can_receive.o(.data)
    abcdef                                   0x2000007c   Data           4  can_receive.o(.data)
    abcdef1                                  0x20000080   Data           4  can_receive.o(.data)
    tset2                                    0x20000094   Data           4  can.o(.data)
    aaaaaa                                   0x20000098   Data           4  can.o(.data)
    tset1                                    0x2000009c   Data           4  can.o(.data)
    sbus_flag                                0x200000a0   Data           1  sbus.o(.data)
    receiving_data                           0x200000a1   Data           1  sbus.o(.data)
    receiving_data1                          0x200000a2   Data           1  sbus.o(.data)
    rx_V2                                    0x200000a4   Data           4  sbus.o(.data)
    sbus_data_length                         0x200000a8   Data           4  sbus.o(.data)
    rx_V1                                    0x200000ac   Data           4  sbus.o(.data)
    test_r1                                  0x200000b0   Data           4  sbus.o(.data)
    test_r2                                  0x200000b4   Data           4  sbus.o(.data)
    test_r3                                  0x200000b8   Data           4  sbus.o(.data)
    test_r4                                  0x200000bc   Data           4  sbus.o(.data)
    test_r5                                  0x200000c0   Data           4  sbus.o(.data)
    test_r6                                  0x200000c4   Data           4  sbus.o(.data)
    last_receive_time1                       0x200000c8   Data           4  usart.o(.data)
    g_uasat1_rx_flag                         0x200000cc   Data           1  usart.o(.data)
    last_receive_time                        0x200000d0   Data           4  usart.o(.data)
    err                                      0x200000d4   Data           4  pid.o(.data)
    init6020_1                               0x200000d8   Data           2  chassis.o(.data)
    init6020_2                               0x200000da   Data           2  chassis.o(.data)
    init6020_3                               0x200000dc   Data           2  chassis.o(.data)
    init6020_4                               0x200000de   Data           2  chassis.o(.data)
    cut                                      0x200000e0   Data           4  chassis.o(.data)
    fangxiang                                0x200000e4   Data           4  chassis.o(.data)
    last_fangxiang                           0x200000e8   Data           4  chassis.o(.data)
    angle_6020                               0x200000ec   Data           4  chassis.o(.data)
    v                                        0x200000f0   Data           8  chassis.o(.data)
    x                                        0x200000f8   Data           8  chassis.o(.data)
    y                                        0x20000100   Data           8  chassis.o(.data)
    debug_usart                              0x20000108   Data           4  niming.o(.data)
    change_mode_flag                         0x2000010c   Data           1  superstratum.o(.data)
    M_flag2                                  0x2000010e   Data           2  superstratum.o(.data)
    M_Lif_L_Init                             0x20000110   Data           2  superstratum.o(.data)
    M_Lif_R_Init                             0x20000112   Data           2  superstratum.o(.data)
    M_flag                                   0x20000114   Data           2  superstratum.o(.data)
    Str_angle_max                            0x20000118   Data           4  superstratum.o(.data)
    Pit_angle_min                            0x2000011c   Data           4  superstratum.o(.data)
    Lif_angle_max                            0x20000120   Data           4  superstratum.o(.data)
    Str_angle_min                            0x20000124   Data           4  superstratum.o(.data)
    Pit_angle_max                            0x20000128   Data           4  superstratum.o(.data)
    Lif_angle_min                            0x2000012c   Data           4  superstratum.o(.data)
    P2                                       0x20000130   Data           4  superstratum.o(.data)
    D_flag2                                  0x20000134   Data           4  superstratum.o(.data)
    tesssst1                                 0x20000138   Data           4  superstratum.o(.data)
    L_L                                      0x2000013c   Data           4  superstratum.o(.data)
    L_R                                      0x20000140   Data           4  superstratum.o(.data)
    S_L                                      0x20000144   Data           4  superstratum.o(.data)
    S_R                                      0x20000148   Data           4  superstratum.o(.data)
    P                                        0x2000014c   Data           4  superstratum.o(.data)
    L_L2                                     0x20000150   Data           4  superstratum.o(.data)
    L_R2                                     0x20000154   Data           4  superstratum.o(.data)
    S_L2                                     0x20000158   Data           4  superstratum.o(.data)
    S_R2                                     0x2000015c   Data           4  superstratum.o(.data)
    D_flag                                   0x20000160   Data           4  superstratum.o(.data)
    D_flag1                                  0x20000164   Data           4  superstratum.o(.data)
    control_current_State                    0x20000168   Data           1  mode_choic.o(.data)
    control_current                          0x20000169   Data           1  mode_choic.o(.data)
    int2                                     0x2000016c   Data           4  mode_choic.o(.data)
    turn_flag2                               0x20000170   Data           1  auto.o(.data)
    ball_g                                   0x20000171   Data           1  auto.o(.data)
    canot_get_ball_cnt                       0x20000172   Data           1  auto.o(.data)
    super_control_Stack                      0x20000173   Data           1  auto.o(.data)
    canot_flag                               0x20000174   Data           1  auto.o(.data)
    Sinit_flag1                              0x20000175   Data           1  auto.o(.data)
    Pinit_flag1                              0x20000176   Data           1  auto.o(.data)
    Sinit_flag2                              0x20000177   Data           1  auto.o(.data)
    first                                    0x20000178   Data           1  auto.o(.data)
    qianjinburangRADAR                       0x20000179   Data           1  auto.o(.data)
    ball_canget                              0x2000017a   Data           1  auto.o(.data)
    ball_got                                 0x2000017b   Data           1  auto.o(.data)
    ballcanget_flag                          0x2000017c   Data           1  auto.o(.data)
    can_s_flag                               0x2000017d   Data           1  auto.o(.data)
    change_flag                              0x2000017e   Data           1  auto.o(.data)
    Pinit_flag2                              0x2000017f   Data           1  auto.o(.data)
    turn_flag                                0x20000180   Data           1  auto.o(.data)
    turn_90_flag                             0x20000181   Data           1  auto.o(.data)
    Pit_Init                                 0x20000184   Data           4  auto.o(.data)
    tesst4                                   0x20000188   Data           4  auto.o(.data)
    have_arrivied                            0x2000018c   Data           4  auto.o(.data)
    XXXX                                     0x20000190   Data           4  auto.o(.data)
    YYYY                                     0x20000194   Data           4  auto.o(.data)
    to2_1                                    0x20000198   Data           4  auto.o(.data)
    jiazhuacnt                               0x2000019c   Data           4  auto.o(.data)
    tar_change_flag                          0x200001a0   Data           4  auto.o(.data)
    usa_flag22                               0x200001a4   Data           4  auto.o(.data)
    usa_count                                0x200001a8   Data           4  auto.o(.data)
    p                                        0x200001ac   Data           4  auto.o(.data)
    res                                      0x200001b0   Data           4  auto.o(.data)
    last_flag_9                              0x200001b4   Data           4  auto.o(.data)
    flag_9                                   0x200001b8   Data           4  auto.o(.data)
    flag3_9                                  0x200001bc   Data           4  auto.o(.data)
    last_flag_10                             0x200001c0   Data           4  auto.o(.data)
    flag_10                                  0x200001c4   Data           4  auto.o(.data)
    flag3_10                                 0x200001c8   Data           4  auto.o(.data)
    Lif_L_Init                               0x200001cc   Data           4  auto.o(.data)
    Lif_R_Init                               0x200001d0   Data           4  auto.o(.data)
    Str_L_Init                               0x200001d4   Data           4  auto.o(.data)
    Str_R_Init                               0x200001d8   Data           4  auto.o(.data)
    usa_flag                                 0x200001dc   Data           4  auto.o(.data)
    distance                                 0x200001e0   Data           4  auto.o(.data)
    Stre_ball_go                             0x200001e4   Data           4  auto.o(.data)
    ab                                       0x200001e8   Data           4  auto.o(.data)
    abc                                      0x200001ec   Data           4  auto.o(.data)
    CNTT                                     0x200001f0   Data           4  auto.o(.data)
    distance_s                               0x200001f4   Data           4  auto.o(.data)
    qianjinfangqiu                           0x200001f8   Data           4  auto.o(.data)
    auto_tar_angle                           0x200001fc   Data           4  auto.o(.data)
    t_angle                                  0x20000200   Data           4  auto.o(.data)
    usa_flag1                                0x20000204   Data           4  auto.o(.data)
    usa_flag2                                0x20000208   Data           4  auto.o(.data)
    usa_flag11                               0x2000020c   Data           4  auto.o(.data)
    str                                      0x20000210   Data           4  auto.o(.data)
    V                                        0x20000218   Data           8  auto.o(.data)
    message                                  0x20000220   Data          16  auto.o(.data)
    ccccvT                                   0x20000230   Data           4  add.o(.data)
    ccccvR                                   0x20000234   Data           4  add.o(.data)
    ccccvT2                                  0x20000238   Data           4  add.o(.data)
    ccccvR2                                  0x2000023c   Data           4  add.o(.data)
    mar4                                     0x20000244   Data           4  hwt101.o(.data)
    mar1                                     0x20000248   Data           4  hwt101.o(.data)
    mar2                                     0x2000024c   Data           4  hwt101.o(.data)
    mar3                                     0x20000250   Data           4  hwt101.o(.data)
    CLEAR                                    0x20000258   Data           5  hwt101.o(.data)
    SAVE_current                             0x2000025d   Data           5  hwt101.o(.data)
    CALSW                                    0x20000262   Data           5  hwt101.o(.data)
    Palstance                                0x20000268   Data           8  hwt101.o(.data)
    Angle                                    0x20000270   Data           8  hwt101.o(.data)
    CALIYAW                                  0x20000278   Data           5  hwt101.o(.data)
    pxCurrentTCB                             0x20000280   Data           4  tasks.o(.data)
    __microlib_freelist                      0x200002e8   Data           4  mvars.o(.data)
    __microlib_freelist_initialised          0x200002ec   Data           4  mvars.o(.data)
    canmsr                                   0x200002f4   Data         120  main.o(.bss)
    canmcr                                   0x2000036c   Data         120  main.o(.bss)
    canmier                                  0x200003e4   Data         120  main.o(.bss)
    can2msr                                  0x2000045c   Data         120  main.o(.bss)
    can2mcr                                  0x200004d4   Data         120  main.o(.bss)
    can2mier                                 0x2000054c   Data         120  main.o(.bss)
    htim4                                    0x20000818   Data          64  tim.o(.bss)
    can11                                    0x20000858   Data         120  stm32f4xx_hal_can.o(.bss)
    can22                                    0x200008d0   Data         120  stm32f4xx_hal_can.o(.bss)
    canm10                                   0x20000948   Data         120  stm32f4xx_hal_can.o(.bss)
    canm11                                   0x200009c0   Data         120  stm32f4xx_hal_can.o(.bss)
    canm12                                   0x20000a38   Data         120  stm32f4xx_hal_can.o(.bss)
    canm20                                   0x20000ab0   Data         120  stm32f4xx_hal_can.o(.bss)
    canm21                                   0x20000b28   Data         120  stm32f4xx_hal_can.o(.bss)
    canm22                                   0x20000ba0   Data         120  stm32f4xx_hal_can.o(.bss)
    motor_supestratum                        0x20000c18   Data         288  can_receive.o(.bss)
    motor_chassis                            0x20000d38   Data         288  can_receive.o(.bss)
    hcan1                                    0x20000e88   Data          40  can.o(.bss)
    hcan2                                    0x20000eb0   Data          40  can.o(.bss)
    sbus_struct                              0x20000ed8   Data          38  sbus.o(.bss)
    remote_buf                               0x20000efe   Data          25  sbus.o(.bss)
    rx_buffer_R                              0x20000f17   Data          17  sbus.o(.bss)
    rx_buffer_V                              0x20000f28   Data          19  sbus.o(.bss)
    receivedDataa                            0x20000f40   Data          96  sbus.o(.bss)
    huart1                                   0x20000fa0   Data          72  usart.o(.bss)
    huart2                                   0x20000fe8   Data          72  usart.o(.bss)
    huart3                                   0x20001030   Data          72  usart.o(.bss)
    huart6                                   0x20001078   Data          72  usart.o(.bss)
    hdma_usart3_rx                           0x200010c0   Data          96  usart.o(.bss)
    out_6020_angle                           0x20001120   Data          16  chassis.o(.bss)
    Chassis_Motor1_Pid                       0x20001130   Data          68  chassis.o(.bss)
    Chassis_Motor2_Pid                       0x20001174   Data          68  chassis.o(.bss)
    Chassis_Motor3_Pid                       0x200011b8   Data          68  chassis.o(.bss)
    Chassis_Motor4_Pid                       0x200011fc   Data          68  chassis.o(.bss)
    Chassis_Motor1_angle_Pid                 0x20001240   Data          68  chassis.o(.bss)
    Chassis_Motor2_angle_Pid                 0x20001284   Data          68  chassis.o(.bss)
    Chassis_Motor3_angle_Pid                 0x200012c8   Data          68  chassis.o(.bss)
    Chassis_Motor4_angle_Pid                 0x2000130c   Data          68  chassis.o(.bss)
    Chassis_Motor1_speed_Pid                 0x20001350   Data          68  chassis.o(.bss)
    Chassis_Motor2_speed_Pid                 0x20001394   Data          68  chassis.o(.bss)
    Chassis_Motor3_speed_Pid                 0x200013d8   Data          68  chassis.o(.bss)
    Chassis_Motor4_speed_Pid                 0x2000141c   Data          68  chassis.o(.bss)
    target                                   0x20001460   Data         160  chassis.o(.bss)
    output                                   0x20001500   Data         160  chassis.o(.bss)
    Uplift_Motor3_Pid                        0x200015a0   Data          68  superstratum.o(.bss)
    Uplift_Motor3_Angle_Pid                  0x200015e4   Data          68  superstratum.o(.bss)
    Uplift_Motor4_Pid                        0x20001628   Data          68  superstratum.o(.bss)
    Uplift_Motor4_Angle_Pid                  0x2000166c   Data          68  superstratum.o(.bss)
    Stretch_Motor5_Pid                       0x200016b0   Data          68  superstratum.o(.bss)
    Stretch_Motor5_Angle_Pid                 0x200016f4   Data          68  superstratum.o(.bss)
    Stretch_Motor6_Pid                       0x20001738   Data          68  superstratum.o(.bss)
    Stretch_Motor6_Angle_Pid                 0x2000177c   Data          68  superstratum.o(.bss)
    Pitch_Motor7_Pid                         0x200017c0   Data          68  superstratum.o(.bss)
    Pitch_Motor7_Angle_Pid                   0x20001804   Data          68  superstratum.o(.bss)
    fa_target                                0x20001848   Data          16  superstratum.o(.bss)
    angle                                    0x20001858   Data          44  superstratum.o(.bss)
    fa_output                                0x20001884   Data          16  superstratum.o(.bss)
    tar_arr                                  0x20001894   Data          20  add.o(.bss)
    target_limit                             0x200018a8   Data          20  add.o(.bss)
    flag_change                              0x200018bc   Data          20  add.o(.bss)
    last_flag_change                         0x200018d0   Data          20  add.o(.bss)
    All_Data                                 0x200019e0   Data          32  hwt101.o(.bss)
    kRxBuffer                                0x20001a00   Data          22  hwt101.o(.bss)
    __heap_base                              0x20006b08   Data           0  startup_stm32f429xx.o(HEAP)
    __heap_limit                             0x20006d08   Data           0  startup_stm32f429xx.o(HEAP)
    __initial_sp                             0x20007108   Data           0  startup_stm32f429xx.o(STACK)



==============================================================================

Memory Map of the image

  Image Entry point : 0x080001ad

  Load Region LR_IROM1 (Base: 0x08000000, Size: 0x0000884c, Max: 0x00100000, ABSOLUTE, COMPRESSED[0x000085a0])

    Execution Region ER_IROM1 (Exec base: 0x08000000, Load base: 0x08000000, Size: 0x00008558, Max: 0x00100000, ABSOLUTE)

    Exec Addr    Load Addr    Size         Type   Attr      Idx    E Section Name        Object

    0x08000000   0x08000000   0x000001ac   Data   RO            3    RESET               startup_stm32f429xx.o
    0x080001ac   0x080001ac   0x00000000   Code   RO         5357  * .ARM.Collect$$$$00000000  mc_w.l(entry.o)
    0x080001ac   0x080001ac   0x00000004   Code   RO         5457    .ARM.Collect$$$$00000001  mc_w.l(entry2.o)
    0x080001b0   0x080001b0   0x00000004   Code   RO         5460    .ARM.Collect$$$$00000004  mc_w.l(entry5.o)
    0x080001b4   0x080001b4   0x00000000   Code   RO         5462    .ARM.Collect$$$$00000008  mc_w.l(entry7b.o)
    0x080001b4   0x080001b4   0x00000000   Code   RO         5464    .ARM.Collect$$$$0000000A  mc_w.l(entry8b.o)
    0x080001b4   0x080001b4   0x00000008   Code   RO         5465    .ARM.Collect$$$$0000000B  mc_w.l(entry9a.o)
    0x080001bc   0x080001bc   0x00000004   Code   RO         5472    .ARM.Collect$$$$0000000E  mc_w.l(entry12b.o)
    0x080001c0   0x080001c0   0x00000000   Code   RO         5467    .ARM.Collect$$$$0000000F  mc_w.l(entry10a.o)
    0x080001c0   0x080001c0   0x00000000   Code   RO         5469    .ARM.Collect$$$$00000011  mc_w.l(entry11a.o)
    0x080001c0   0x080001c0   0x00000004   Code   RO         5458    .ARM.Collect$$$$00002712  mc_w.l(entry2.o)
    0x080001c4   0x080001c4   0x000000be   Code   RO         4864    .emb_text           port.o
    0x08000282   0x08000282   0x00000002   PAD
    0x08000284   0x08000284   0x00000024   Code   RO            4    .text               startup_stm32f429xx.o
    0x080002a8   0x080002a8   0x00000062   Code   RO         5360    .text               mc_w.l(uldiv.o)
    0x0800030a   0x0800030a   0x00000024   Code   RO         5366    .text               mc_w.l(memseta.o)
    0x0800032e   0x0800032e   0x0000014e   Code   RO         5398    .text               mf_w.l(dadd.o)
    0x0800047c   0x0800047c   0x000000e4   Code   RO         5400    .text               mf_w.l(dmul.o)
    0x08000560   0x08000560   0x000000de   Code   RO         5402    .text               mf_w.l(ddiv.o)
    0x0800063e   0x0800063e   0x00000022   Code   RO         5406    .text               mf_w.l(dflti.o)
    0x08000660   0x08000660   0x0000003e   Code   RO         5408    .text               mf_w.l(dfixi.o)
    0x0800069e   0x0800069e   0x00000026   Code   RO         5410    .text               mf_w.l(f2d.o)
    0x080006c4   0x080006c4   0x00000030   Code   RO         5412    .text               mf_w.l(cdcmple.o)
    0x080006f4   0x080006f4   0x00000030   Code   RO         5414    .text               mf_w.l(cdrcmple.o)
    0x08000724   0x08000724   0x00000038   Code   RO         5416    .text               mf_w.l(d2f.o)
    0x0800075c   0x0800075c   0x0000001e   Code   RO         5473    .text               mc_w.l(llshl.o)
    0x0800077a   0x0800077a   0x00000020   Code   RO         5475    .text               mc_w.l(llushr.o)
    0x0800079a   0x0800079a   0x00000024   Code   RO         5477    .text               mc_w.l(llsshr.o)
    0x080007be   0x080007be   0x00000000   Code   RO         5488    .text               mc_w.l(iusefp.o)
    0x080007be   0x080007be   0x0000006e   Code   RO         5489    .text               mf_w.l(fepilogue.o)
    0x0800082c   0x0800082c   0x000000ba   Code   RO         5491    .text               mf_w.l(depilogue.o)
    0x080008e6   0x080008e6   0x000000a2   Code   RO         5493    .text               mf_w.l(dsqrt.o)
    0x08000988   0x08000988   0x00000024   Code   RO         5495    .text               mc_w.l(init.o)
    0x080009ac   0x080009ac   0x0000003a   Code   RO         5507    .text               mc_w.l(__dczerorl.o)
    0x080009e6   0x080009e6   0x00000002   PAD
    0x080009e8   0x080009e8   0x00000170   Code   RO         3727    i.ALL_PID_SET       superstratum.o
    0x08000b58   0x08000b58   0x0000000c   Code   RO          450    i.Add_Task          freertos.o
    0x08000b64   0x08000b64   0x00000010   Code   RO          451    i.Auto_Task         freertos.o
    0x08000b74   0x08000b74   0x00000004   PAD
    0x08000b78   0x08000b78   0x0000067c   Code   RO         3838    i.Auto_chassic_mode  auto.o
    0x080011f4   0x080011f4   0x0000010c   Code   RO         3839    i.Auto_control_task  auto.o
    0x08001300   0x08001300   0x00000002   Code   RO          271    i.BusFault_Handler  stm32f4xx_it.o
    0x08001302   0x08001302   0x00000002   PAD
    0x08001304   0x08001304   0x00000018   Code   RO          272    i.CAN1_RX0_IRQHandler  stm32f4xx_it.o
    0x0800131c   0x0800131c   0x00000030   Code   RO          273    i.CAN2_RX0_IRQHandler  stm32f4xx_it.o
    0x0800134c   0x0800134c   0x00000018   Code   RO          274    i.CAN2_RX1_IRQHandler  stm32f4xx_it.o
    0x08001364   0x08001364   0x00000064   Code   RO         3262    i.CAN_cmd_AGV_chassis  can_receive.o
    0x080013c8   0x080013c8   0x00000084   Code   RO         3263    i.CAN_cmd_chassis   can_receive.o
    0x0800144c   0x0800144c   0x00000078   Code   RO         3264    i.CAN_cmd_gimbal1   can_receive.o
    0x080014c4   0x080014c4   0x00000088   Code   RO         3265    i.CAN_cmd_gimbal2   can_receive.o
    0x0800154c   0x0800154c   0x00000030   Code   RO         3582    i.CHASSIS_Init      chassis.o
    0x0800157c   0x0800157c   0x00000004   PAD
    0x08001580   0x08001580   0x00000200   Code   RO         3583    i.CHASSIS_PID_Init  chassis.o
    0x08001780   0x08001780   0x00000010   Code   RO          452    i.Chassic_Task      freertos.o
    0x08001790   0x08001790   0x0000005c   Code   RO         3584    i.Control_Task      chassis.o
    0x080017ec   0x080017ec   0x0000001c   Code   RO          275    i.DMA1_Stream1_IRQHandler  stm32f4xx_it.o
    0x08001808   0x08001808   0x00000002   Code   RO          276    i.DebugMon_Handler  stm32f4xx_it.o
    0x0800180a   0x0800180a   0x00000004   Code   RO           13    i.Error_Handler     main.o
    0x0800180e   0x0800180e   0x00000002   PAD
    0x08001810   0x08001810   0x0000008c   Code   RO         3841    i.GET_InitPinstate  auto.o
    0x0800189c   0x0800189c   0x0000002a   Code   RO          597    i.HAL_CAN_ActivateNotification  stm32f4xx_hal_can.o
    0x080018c6   0x080018c6   0x00000002   PAD
    0x080018c8   0x080018c8   0x000001bc   Code   RO          598    i.HAL_CAN_AddTxMessage  stm32f4xx_hal_can.o
    0x08001a84   0x08001a84   0x0000011c   Code   RO          599    i.HAL_CAN_ConfigFilter  stm32f4xx_hal_can.o
    0x08001ba0   0x08001ba0   0x00000002   Code   RO          602    i.HAL_CAN_ErrorCallback  stm32f4xx_hal_can.o
    0x08001ba2   0x08001ba2   0x00000004   Code   RO          603    i.HAL_CAN_GetError  stm32f4xx_hal_can.o
    0x08001ba6   0x08001ba6   0x00000022   Code   RO          604    i.HAL_CAN_GetRxFifoFillLevel  stm32f4xx_hal_can.o
    0x08001bc8   0x08001bc8   0x0000014a   Code   RO          605    i.HAL_CAN_GetRxMessage  stm32f4xx_hal_can.o
    0x08001d12   0x08001d12   0x00000028   Code   RO          606    i.HAL_CAN_GetState  stm32f4xx_hal_can.o
    0x08001d3a   0x08001d3a   0x00000236   Code   RO          609    i.HAL_CAN_IRQHandler  stm32f4xx_hal_can.o
    0x08001f70   0x08001f70   0x0000012a   Code   RO          610    i.HAL_CAN_Init      stm32f4xx_hal_can.o
    0x0800209a   0x0800209a   0x00000002   PAD
    0x0800209c   0x0800209c   0x00000164   Code   RO          399    i.HAL_CAN_MspInit   stm32f4xx_hal_msp.o
    0x08002200   0x08002200   0x00000002   Code   RO          617    i.HAL_CAN_RxFifo0FullCallback  stm32f4xx_hal_can.o
    0x08002202   0x08002202   0x00000002   PAD
    0x08002204   0x08002204   0x00000104   Code   RO         3266    i.HAL_CAN_RxFifo0MsgPendingCallback  can_receive.o
    0x08002308   0x08002308   0x00000002   Code   RO          619    i.HAL_CAN_RxFifo1FullCallback  stm32f4xx_hal_can.o
    0x0800230a   0x0800230a   0x00000002   Code   RO          620    i.HAL_CAN_RxFifo1MsgPendingCallback  stm32f4xx_hal_can.o
    0x0800230c   0x0800230c   0x00000002   Code   RO          621    i.HAL_CAN_SleepCallback  stm32f4xx_hal_can.o
    0x0800230e   0x0800230e   0x00000002   PAD
    0x08002310   0x08002310   0x00000064   Code   RO          622    i.HAL_CAN_Start     stm32f4xx_hal_can.o
    0x08002374   0x08002374   0x00000002   Code   RO          624    i.HAL_CAN_TxMailbox0AbortCallback  stm32f4xx_hal_can.o
    0x08002376   0x08002376   0x00000002   Code   RO          625    i.HAL_CAN_TxMailbox0CompleteCallback  stm32f4xx_hal_can.o
    0x08002378   0x08002378   0x00000002   Code   RO          626    i.HAL_CAN_TxMailbox1AbortCallback  stm32f4xx_hal_can.o
    0x0800237a   0x0800237a   0x00000002   Code   RO          627    i.HAL_CAN_TxMailbox1CompleteCallback  stm32f4xx_hal_can.o
    0x0800237c   0x0800237c   0x00000002   Code   RO          628    i.HAL_CAN_TxMailbox2AbortCallback  stm32f4xx_hal_can.o
    0x0800237e   0x0800237e   0x00000002   Code   RO          629    i.HAL_CAN_TxMailbox2CompleteCallback  stm32f4xx_hal_can.o
    0x08002380   0x08002380   0x00000002   Code   RO          631    i.HAL_CAN_WakeUpFromRxMsgCallback  stm32f4xx_hal_can.o
    0x08002382   0x08002382   0x000000a6   Code   RO         1303    i.HAL_DMA_Abort     stm32f4xx_hal_dma.o
    0x08002428   0x08002428   0x00000024   Code   RO         1304    i.HAL_DMA_Abort_IT  stm32f4xx_hal_dma.o
    0x0800244c   0x0800244c   0x00000004   Code   RO         1306    i.HAL_DMA_GetError  stm32f4xx_hal_dma.o
    0x08002450   0x08002450   0x000001dc   Code   RO         1308    i.HAL_DMA_IRQHandler  stm32f4xx_hal_dma.o
    0x0800262c   0x0800262c   0x0000015c   Code   RO         1309    i.HAL_DMA_Init      stm32f4xx_hal_dma.o
    0x08002788   0x08002788   0x00000092   Code   RO         1313    i.HAL_DMA_Start_IT  stm32f4xx_hal_dma.o
    0x0800281a   0x0800281a   0x00000002   PAD
    0x0800281c   0x0800281c   0x00000028   Code   RO         1723    i.HAL_Delay         stm32f4xx_hal.o
    0x08002844   0x08002844   0x00000174   Code   RO         1201    i.HAL_GPIO_DeInit   stm32f4xx_hal_gpio.o
    0x080029b8   0x080029b8   0x00000260   Code   RO         1204    i.HAL_GPIO_Init     stm32f4xx_hal_gpio.o
    0x08002c18   0x08002c18   0x0000000a   Code   RO         1206    i.HAL_GPIO_ReadPin  stm32f4xx_hal_gpio.o
    0x08002c22   0x08002c22   0x0000000a   Code   RO         1208    i.HAL_GPIO_WritePin  stm32f4xx_hal_gpio.o
    0x08002c2c   0x08002c2c   0x0000000c   Code   RO         1731    i.HAL_GetTick       stm32f4xx_hal.o
    0x08002c38   0x08002c38   0x00000010   Code   RO         1737    i.HAL_IncTick       stm32f4xx_hal.o
    0x08002c48   0x08002c48   0x00000034   Code   RO         1738    i.HAL_Init          stm32f4xx_hal.o
    0x08002c7c   0x08002c7c   0x00000040   Code   RO         1739    i.HAL_InitTick      stm32f4xx_hal.o
    0x08002cbc   0x08002cbc   0x00000034   Code   RO          400    i.HAL_MspInit       stm32f4xx_hal_msp.o
    0x08002cf0   0x08002cf0   0x00000026   Code   RO         1590    i.HAL_NVIC_DisableIRQ  stm32f4xx_hal_cortex.o
    0x08002d16   0x08002d16   0x0000001e   Code   RO         1591    i.HAL_NVIC_EnableIRQ  stm32f4xx_hal_cortex.o
    0x08002d34   0x08002d34   0x00000064   Code   RO         1597    i.HAL_NVIC_SetPriority  stm32f4xx_hal_cortex.o
    0x08002d98   0x08002d98   0x00000024   Code   RO         1598    i.HAL_NVIC_SetPriorityGrouping  stm32f4xx_hal_cortex.o
    0x08002dbc   0x08002dbc   0x00000078   Code   RO         1520    i.HAL_PWREx_EnableOverDrive  stm32f4xx_hal_pwr_ex.o
    0x08002e34   0x08002e34   0x0000015c   Code   RO          835    i.HAL_RCC_ClockConfig  stm32f4xx_hal_rcc.o
    0x08002f90   0x08002f90   0x00000020   Code   RO          842    i.HAL_RCC_GetPCLK1Freq  stm32f4xx_hal_rcc.o
    0x08002fb0   0x08002fb0   0x00000020   Code   RO          843    i.HAL_RCC_GetPCLK2Freq  stm32f4xx_hal_rcc.o
    0x08002fd0   0x08002fd0   0x00000074   Code   RO          844    i.HAL_RCC_GetSysClockFreq  stm32f4xx_hal_rcc.o
    0x08003044   0x08003044   0x000003e4   Code   RO          847    i.HAL_RCC_OscConfig  stm32f4xx_hal_rcc.o
    0x08003428   0x08003428   0x0000002c   Code   RO         1602    i.HAL_SYSTICK_Config  stm32f4xx_hal_cortex.o
    0x08003454   0x08003454   0x00000002   Code   RO         2626    i.HAL_TIMEx_BreakCallback  stm32f4xx_hal_tim_ex.o
    0x08003456   0x08003456   0x00000002   Code   RO         2627    i.HAL_TIMEx_CommutCallback  stm32f4xx_hal_tim_ex.o
    0x08003458   0x08003458   0x00000096   Code   RO         2644    i.HAL_TIMEx_MasterConfigSynchronization  stm32f4xx_hal_tim_ex.o
    0x080034ee   0x080034ee   0x00000036   Code   RO         1988    i.HAL_TIM_Base_Init  stm32f4xx_hal_tim.o
    0x08003524   0x08003524   0x0000003c   Code   RO          548    i.HAL_TIM_Base_MspInit  tim.o
    0x08003560   0x08003560   0x00000022   Code   RO         1993    i.HAL_TIM_Base_Start_IT  stm32f4xx_hal_tim.o
    0x08003582   0x08003582   0x0000002a   Code   RO         1996    i.HAL_TIM_Base_Stop_IT  stm32f4xx_hal_tim.o
    0x080035ac   0x080035ac   0x00000002   Code   RO         2017    i.HAL_TIM_IC_CaptureCallback  stm32f4xx_hal_tim.o
    0x080035ae   0x080035ae   0x0000016c   Code   RO         2031    i.HAL_TIM_IRQHandler  stm32f4xx_hal_tim.o
    0x0800371a   0x0800371a   0x00000002   Code   RO         2034    i.HAL_TIM_OC_DelayElapsedCallback  stm32f4xx_hal_tim.o
    0x0800371c   0x0800371c   0x00000002   Code   RO         2061    i.HAL_TIM_PWM_PulseFinishedCallback  stm32f4xx_hal_tim.o
    0x0800371e   0x0800371e   0x00000002   PAD
    0x08003720   0x08003720   0x00000040   Code   RO          549    i.HAL_TIM_PeriodElapsedCallback  tim.o
    0x08003760   0x08003760   0x00000002   Code   RO         2074    i.HAL_TIM_TriggerCallback  stm32f4xx_hal_tim.o
    0x08003762   0x08003762   0x00000002   Code   RO         2884    i.HAL_UARTEx_RxEventCallback  stm32f4xx_hal_uart.o
    0x08003764   0x08003764   0x0000009e   Code   RO         2887    i.HAL_UART_AbortReceive  stm32f4xx_hal_uart.o
    0x08003802   0x08003802   0x000000d4   Code   RO         2896    i.HAL_UART_DMAStop  stm32f4xx_hal_uart.o
    0x080038d6   0x080038d6   0x00000038   Code   RO         2897    i.HAL_UART_DeInit   stm32f4xx_hal_uart.o
    0x0800390e   0x0800390e   0x00000002   Code   RO         2898    i.HAL_UART_ErrorCallback  stm32f4xx_hal_uart.o
    0x08003910   0x08003910   0x00000308   Code   RO         2901    i.HAL_UART_IRQHandler  stm32f4xx_hal_uart.o
    0x08003c18   0x08003c18   0x00000064   Code   RO         2902    i.HAL_UART_Init     stm32f4xx_hal_uart.o
    0x08003c7c   0x08003c7c   0x00000038   Code   RO          401    i.HAL_UART_MspDeInit  stm32f4xx_hal_msp.o
    0x08003cb4   0x08003cb4   0x000001d4   Code   RO          402    i.HAL_UART_MspInit  stm32f4xx_hal_msp.o
    0x08003e88   0x08003e88   0x00000020   Code   RO         2906    i.HAL_UART_Receive_DMA  stm32f4xx_hal_uart.o
    0x08003ea8   0x08003ea8   0x00000052   Code   RO         2907    i.HAL_UART_Receive_IT  stm32f4xx_hal_uart.o
    0x08003efa   0x08003efa   0x00000002   PAD
    0x08003efc   0x08003efc   0x0000018c   Code   RO         3394    i.HAL_UART_RxCpltCallback  sbus.o
    0x08004088   0x08004088   0x00000002   Code   RO         2909    i.HAL_UART_RxHalfCpltCallback  stm32f4xx_hal_uart.o
    0x0800408a   0x0800408a   0x00000002   PAD
    0x0800408c   0x0800408c   0x00000152   Code   RO         2910    i.HAL_UART_Transmit  stm32f4xx_hal_uart.o
    0x080041de   0x080041de   0x00000002   Code   RO         2913    i.HAL_UART_TxCpltCallback  stm32f4xx_hal_uart.o
    0x080041e0   0x080041e0   0x00000150   Code   RO         4026    i.HWT605_Data       hwt101.o
    0x08004330   0x08004330   0x0000006c   Code   RO         3728    i.Hair_ring_Init    superstratum.o
    0x0800439c   0x0800439c   0x00000002   Code   RO          277    i.HardFault_Handler  stm32f4xx_it.o
    0x0800439e   0x0800439e   0x00000002   PAD
    0x080043a0   0x080043a0   0x0000008c   Code   RO         3351    i.MX_CAN1_Init      can.o
    0x0800442c   0x0800442c   0x00000088   Code   RO         3352    i.MX_CAN2_Init1     can.o
    0x080044b4   0x080044b4   0x0000002c   Code   RO         3470    i.MX_DMA_Init       usart.o
    0x080044e0   0x080044e0   0x000000b0   Code   RO          455    i.MX_FREERTOS_Init  freertos.o
    0x08004590   0x08004590   0x00000120   Code   RO           14    i.MX_GPIO_Init      main.o
    0x080046b0   0x080046b0   0x0000004c   Code   RO          550    i.MX_TIM4_Init      tim.o
    0x080046fc   0x080046fc   0x00000050   Code   RO         3471    i.MX_USART1_UART_Init  usart.o
    0x0800474c   0x0800474c   0x00000044   Code   RO         3472    i.MX_USART2_UART_Init  usart.o
    0x08004790   0x08004790   0x00000050   Code   RO         3473    i.MX_USART3_UART_Init  usart.o
    0x080047e0   0x080047e0   0x00000044   Code   RO         3474    i.MX_USART6_UART_Init  usart.o
    0x08004824   0x08004824   0x00000002   Code   RO          278    i.MemManage_Handler  stm32f4xx_it.o
    0x08004826   0x08004826   0x00000002   PAD
    0x08004828   0x08004828   0x00000018   Code   RO          456    i.Mode_Task         freertos.o
    0x08004840   0x08004840   0x00000002   Code   RO          279    i.NMI_Handler       stm32f4xx_it.o
    0x08004842   0x08004842   0x00000002   PAD
    0x08004844   0x08004844   0x00000040   Code   RO         3530    i.PID_Init          pid.o
    0x08004884   0x08004884   0x00000012   Code   RO         3531    i.PID_SET           pid.o
    0x08004896   0x08004896   0x00000002   PAD
    0x08004898   0x08004898   0x000000dc   Code   RO         3532    i.PID_incremental   pid.o
    0x08004974   0x08004974   0x00000096   Code   RO         3533    i.PID_position      pid.o
    0x08004a0a   0x08004a0a   0x00000008   Code   RO          457    i.Protect_Task      freertos.o
    0x08004a12   0x08004a12   0x00000008   Code   RO         4029    i.SYSTEM_Init_only  hwt101.o
    0x08004a1a   0x08004a1a   0x00000002   PAD
    0x08004a1c   0x08004a1c   0x00000258   Code   RO         3587    i.Speed_loop        chassis.o
    0x08004c74   0x08004c74   0x00000030   Code   RO         3588    i.Steer             chassis.o
    0x08004ca4   0x08004ca4   0x0000000c   Code   RO          458    i.Superstratum_Task  freertos.o
    0x08004cb0   0x08004cb0   0x00000018   Code   RO          280    i.SysTick_Handler   stm32f4xx_it.o
    0x08004cc8   0x08004cc8   0x000000a0   Code   RO           15    i.SystemClock_Config  main.o
    0x08004d68   0x08004d68   0x0000001c   Code   RO         3225    i.SystemInit        system_stm32f4xx.o
    0x08004d84   0x08004d84   0x0000000c   Code   RO          281    i.TIM4_IRQHandler   stm32f4xx_it.o
    0x08004d90   0x08004d90   0x000000cc   Code   RO         2076    i.TIM_Base_SetConfig  stm32f4xx_hal_tim.o
    0x08004e5c   0x08004e5c   0x00000004   PAD
    0x08004e60   0x08004e60   0x000002a0   Code   RO         3589    i.Target_speed      chassis.o
    0x08005100   0x08005100   0x00000010   Code   RO         2915    i.UART_DMAAbortOnError  stm32f4xx_hal_uart.o
    0x08005110   0x08005110   0x000000ae   Code   RO         2916    i.UART_DMAError     stm32f4xx_hal_uart.o
    0x080051be   0x080051be   0x00000098   Code   RO         2917    i.UART_DMAReceiveCplt  stm32f4xx_hal_uart.o
    0x08005256   0x08005256   0x0000001e   Code   RO         2919    i.UART_DMARxHalfCplt  stm32f4xx_hal_uart.o
    0x08005274   0x08005274   0x000000ce   Code   RO         2925    i.UART_Receive_IT   stm32f4xx_hal_uart.o
    0x08005342   0x08005342   0x00000002   PAD
    0x08005344   0x08005344   0x000000f0   Code   RO         2926    i.UART_SetConfig    stm32f4xx_hal_uart.o
    0x08005434   0x08005434   0x000000a0   Code   RO         2927    i.UART_Start_Receive_DMA  stm32f4xx_hal_uart.o
    0x080054d4   0x080054d4   0x000000ba   Code   RO         2929    i.UART_WaitOnFlagUntilTimeout  stm32f4xx_hal_uart.o
    0x0800558e   0x0800558e   0x00000002   PAD
    0x08005590   0x08005590   0x0000000c   Code   RO          282    i.USART1_IRQHandler  stm32f4xx_it.o
    0x0800559c   0x0800559c   0x0000000c   Code   RO          283    i.USART2_IRQHandler  stm32f4xx_it.o
    0x080055a8   0x080055a8   0x00000018   Code   RO          284    i.USART3_IRQHandler  stm32f4xx_it.o
    0x080055c0   0x080055c0   0x0000000c   Code   RO          285    i.USART6_IRQHandler  stm32f4xx_it.o
    0x080055cc   0x080055cc   0x000000b0   Code   RO         4030    i.USER_GYRO_IDLE_IRQHandler  hwt101.o
    0x0800567c   0x0800567c   0x00000002   Code   RO          286    i.UsageFault_Handler  stm32f4xx_it.o
    0x0800567e   0x0800567e   0x00000030   Code   RO         5441    i.__ARM_fpclassify  m_wm.l(fpclassify.o)
    0x080056ae   0x080056ae   0x00000002   PAD
    0x080056b0   0x080056b0   0x000002d8   Code   RO         5295    i.__hardfp_atan     m_wm.l(atan.o)
    0x08005988   0x08005988   0x00000200   Code   RO         5309    i.__hardfp_atan2    m_wm.l(atan2.o)
    0x08005b88   0x08005b88   0x0000007a   Code   RO         5345    i.__hardfp_sqrt     m_wm.l(sqrt.o)
    0x08005c02   0x08005c02   0x000000f8   Code   RO         5443    i.__kernel_poly     m_wm.l(poly.o)
    0x08005cfa   0x08005cfa   0x00000014   Code   RO         5422    i.__mathlib_dbl_infnan  m_wm.l(dunder.o)
    0x08005d0e   0x08005d0e   0x00000014   Code   RO         5423    i.__mathlib_dbl_infnan2  m_wm.l(dunder.o)
    0x08005d22   0x08005d22   0x00000006   PAD
    0x08005d28   0x08005d28   0x00000020   Code   RO         5427    i.__mathlib_dbl_underflow  m_wm.l(dunder.o)
    0x08005d48   0x08005d48   0x0000000e   Code   RO         5501    i.__scatterload_copy  mc_w.l(handlers.o)
    0x08005d56   0x08005d56   0x00000002   Code   RO         5502    i.__scatterload_null  mc_w.l(handlers.o)
    0x08005d58   0x08005d58   0x0000000e   Code   RO         5503    i.__scatterload_zeroinit  mc_w.l(handlers.o)
    0x08005d66   0x08005d66   0x00000002   PAD
    0x08005d68   0x08005d68   0x0000000c   Code   RO         5483    i.__set_errno       mc_w.l(errno.o)
    0x08005d74   0x08005d74   0x00000010   Code   RO         5297    i.atan              m_wm.l(atan.o)
    0x08005d84   0x08005d84   0x00000004   PAD
    0x08005d88   0x08005d88   0x00000410   Code   RO         3843    i.auto_control_state  auto.o
    0x08006198   0x08006198   0x0000003c   Code   RO         3730    i.calculateJoystickIncrement  superstratum.o
    0x080061d4   0x080061d4   0x00000236   Code   RO         3591    i.chassis_limit     chassis.o
    0x0800640a   0x0800640a   0x00000002   PAD
    0x0800640c   0x0800640c   0x0000008c   Code   RO         3396    i.checkRxBufferTimeout  sbus.o
    0x08006498   0x08006498   0x00000098   Code   RO         3845    i.control_sup       auto.o
    0x08006530   0x08006530   0x0000010c   Code   RO         3731    i.control_sup_task  superstratum.o
    0x0800663c   0x0800663c   0x00000048   Code   RO         3732    i.diancifa          superstratum.o
    0x08006684   0x08006684   0x00000018   Code   RO         5437    i.fabs              m_wm.l(fabs.o)
    0x0800669c   0x0800669c   0x00000002   Code   RO         3353    i.fifio_Init        can.o
    0x0800669e   0x0800669e   0x00000002   PAD
    0x080066a0   0x080066a0   0x00000050   Code   RO         5370    i.free              mc_w.l(malloc.o)
    0x080066f0   0x080066f0   0x000000d4   Code   RO         3267    i.get_MotorTotalAngle  can_receive.o
    0x080067c4   0x080067c4   0x000000d0   Code   RO           16    i.main              main.o
    0x08006894   0x08006894   0x0000006c   Code   RO         5371    i.malloc            mc_w.l(malloc.o)
    0x08006900   0x08006900   0x000000bc   Code   RO         3807    i.mode_judge        mode_choic.o
    0x080069bc   0x080069bc   0x00000080   Code   RO         3733    i.motion            superstratum.o
    0x08006a3c   0x08006a3c   0x00000010   Code   RO         4945    i.osDelay           cmsis_os.o
    0x08006a4c   0x08006a4c   0x0000000a   Code   RO         4948    i.osKernelStart     cmsis_os.o
    0x08006a56   0x08006a56   0x0000000e   Code   RO         4949    i.osKernelSysTick   cmsis_os.o
    0x08006a64   0x08006a64   0x00000068   Code   RO         4982    i.osThreadCreate    cmsis_os.o
    0x08006acc   0x08006acc   0x0000009c   Code   RO         3397    i.processReceivedData_R  sbus.o
    0x08006b68   0x08006b68   0x0000009c   Code   RO         3398    i.processReceivedData_V  sbus.o
    0x08006c04   0x08006c04   0x00000074   Code   RO         4517    i.prvAddCurrentTaskToDelayedList  tasks.o
    0x08006c78   0x08006c78   0x000000e4   Code   RO         4518    i.prvAddNewTaskToReadyList  tasks.o
    0x08006d5c   0x08006d5c   0x0000008c   Code   RO         4519    i.prvIdleTask       tasks.o
    0x08006de8   0x08006de8   0x0000002c   Code   RO         4865    i.prvTaskExitError  port.o
    0x08006e14   0x08006e14   0x00000190   Code   RO         4807    i.pvPortMalloc      heap_4.o
    0x08006fa4   0x08006fa4   0x0000002c   Code   RO         4866    i.pxPortInitialiseStack  port.o
    0x08006fd0   0x08006fd0   0x000004fc   Code   RO         3734    i.remote_control    superstratum.o
    0x080074cc   0x080074cc   0x00000004   PAD
    0x080074d0   0x080074d0   0x00000194   Code   RO         3592    i.remote_control_   chassis.o
    0x08007664   0x08007664   0x0000013c   Code   RO         3401    i.sbus_decoder      sbus.o
    0x080077a0   0x080077a0   0x0000014c   Code   RO         3986    i.sup_add_task      add.o
    0x080078ec   0x080078ec   0x00000038   Code   RO         3690    i.usart_send_char   niming.o
    0x08007924   0x08007924   0x00000090   Code   RO         3847    i.usart_send_message  auto.o
    0x080079b4   0x080079b4   0x00000026   Code   RO         4350    i.uxListRemove      list.o
    0x080079da   0x080079da   0x00000002   PAD
    0x080079dc   0x080079dc   0x00000014   Code   RO          459    i.vApplicationGetIdleTaskMemory  freertos.o
    0x080079f0   0x080079f0   0x00000016   Code   RO         4351    i.vListInitialise   list.o
    0x08007a06   0x08007a06   0x00000006   Code   RO         4352    i.vListInitialiseItem  list.o
    0x08007a0c   0x08007a0c   0x0000003a   Code   RO         4353    i.vListInsert       list.o
    0x08007a46   0x08007a46   0x00000018   Code   RO         4354    i.vListInsertEnd    list.o
    0x08007a5e   0x08007a5e   0x00000002   PAD
    0x08007a60   0x08007a60   0x00000040   Code   RO         4868    i.vPortEnterCritical  port.o
    0x08007aa0   0x08007aa0   0x0000002c   Code   RO         4869    i.vPortExitCritical  port.o
    0x08007acc   0x08007acc   0x000000a8   Code   RO         4808    i.vPortFree         heap_4.o
    0x08007b74   0x08007b74   0x00000024   Code   RO         4870    i.vPortSetupTimerInterrupt  port.o
    0x08007b98   0x08007b98   0x00000054   Code   RO         4871    i.vPortValidateInterruptPriority  port.o
    0x08007bec   0x08007bec   0x0000004c   Code   RO         4527    i.vTaskDelay        tasks.o
    0x08007c38   0x08007c38   0x0000006c   Code   RO         4540    i.vTaskStartScheduler  tasks.o
    0x08007ca4   0x08007ca4   0x00000010   Code   RO         4542    i.vTaskSuspendAll   tasks.o
    0x08007cb4   0x08007cb4   0x0000005c   Code   RO         4543    i.vTaskSwitchContext  tasks.o
    0x08007d10   0x08007d10   0x000000e4   Code   RO         3848    i.value_init        auto.o
    0x08007df4   0x08007df4   0x00000104   Code   RO         4872    i.xPortStartScheduler  port.o
    0x08007ef8   0x08007ef8   0x0000002c   Code   RO         4873    i.xPortSysTickHandler  port.o
    0x08007f24   0x08007f24   0x000000b6   Code   RO         4546    i.xTaskCreate       tasks.o
    0x08007fda   0x08007fda   0x000000d0   Code   RO         4547    i.xTaskCreateStatic  tasks.o
    0x080080aa   0x080080aa   0x00000002   PAD
    0x080080ac   0x080080ac   0x0000001c   Code   RO         4551    i.xTaskGetSchedulerState  tasks.o
    0x080080c8   0x080080c8   0x0000000c   Code   RO         4552    i.xTaskGetTickCount  tasks.o
    0x080080d4   0x080080d4   0x00000010   Code   RO         4553    i.xTaskGetTickCountFromISR  tasks.o
    0x080080e4   0x080080e4   0x000000ec   Code   RO         4554    i.xTaskIncrementTick  tasks.o
    0x080081d0   0x080081d0   0x000001b8   Code   RO         4560    i.xTaskResumeAll    tasks.o
    0x08008388   0x08008388   0x000000a8   Data   RO          461    .constdata          freertos.o
    0x08008430   0x08008430   0x00000008   Data   RO         1315    .constdata          stm32f4xx_hal_dma.o
    0x08008438   0x08008438   0x00000010   Data   RO         3226    .constdata          system_stm32f4xx.o
    0x08008448   0x08008448   0x00000008   Data   RO         3227    .constdata          system_stm32f4xx.o
    0x08008450   0x08008450   0x00000098   Data   RO         5298    .constdata          m_wm.l(atan.o)
    0x080084e8   0x080084e8   0x00000008   Data   RO         5445    .constdata          m_wm.l(qnan.o)
    0x080084f0   0x080084f0   0x00000048   Data   RO          462    .conststring        freertos.o
    0x08008538   0x08008538   0x00000020   Data   RO         5499    Region$$Table       anon$$obj.o


    Execution Region RW_IRAM1 (Exec base: 0x20000000, Load base: 0x08008558, Size: 0x00007108, Max: 0x00030000, ABSOLUTE, COMPRESSED[0x00000048])

    Exec Addr    Load Addr    Size         Type   Attr      Idx    E Section Name        Object

    0x20000000   COMPRESSED   0x00000004   Data   RW           20    .data               main.o
    0x20000004   COMPRESSED   0x00000008   Data   RW           21    .data               main.o
    0x2000000c   COMPRESSED   0x00000014   Data   RW          288    .data               stm32f4xx_it.o
    0x20000020   COMPRESSED   0x00000004   Data   RW          403    .data               stm32f4xx_hal_msp.o
    0x20000024   COMPRESSED   0x00000020   Data   RW          463    .data               freertos.o
    0x20000044   COMPRESSED   0x00000004   Data   RW          552    .data               tim.o
    0x20000048   COMPRESSED   0x00000008   Data   RW          633    .data               stm32f4xx_hal_can.o
    0x20000050   COMPRESSED   0x0000000c   Data   RW         1745    .data               stm32f4xx_hal.o
    0x2000005c   COMPRESSED   0x00000004   Data   RW         3228    .data               system_stm32f4xx.o
    0x20000060   COMPRESSED   0x00000034   Data   RW         3274    .data               can_receive.o
    0x20000094   COMPRESSED   0x0000000c   Data   RW         3355    .data               can.o
    0x200000a0   COMPRESSED   0x00000028   Data   RW         3403    .data               sbus.o
    0x200000c8   COMPRESSED   0x00000004   Data   RW         3477    .data               usart.o
    0x200000cc   COMPRESSED   0x00000001   Data   RW         3479    .data               usart.o
    0x200000cd   COMPRESSED   0x00000003   PAD
    0x200000d0   COMPRESSED   0x00000004   Data   RW         3480    .data               usart.o
    0x200000d4   COMPRESSED   0x00000004   Data   RW         3535    .data               pid.o
    0x200000d8   COMPRESSED   0x00000030   Data   RW         3596    .data               chassis.o
    0x20000108   COMPRESSED   0x00000004   Data   RW         3691    .data               niming.o
    0x2000010c   COMPRESSED   0x0000005c   Data   RW         3738    .data               superstratum.o
    0x20000168   COMPRESSED   0x00000008   Data   RW         3808    .data               mode_choic.o
    0x20000170   COMPRESSED   0x000000c0   Data   RW         3851    .data               auto.o
    0x20000230   COMPRESSED   0x00000010   Data   RW         3989    .data               add.o
    0x20000240   COMPRESSED   0x00000038   Data   RW         4033    .data               hwt101.o
    0x20000278   COMPRESSED   0x00000005   Data   RW         4048    .data               hwt101.o
    0x2000027d   COMPRESSED   0x00000003   PAD
    0x20000280   COMPRESSED   0x0000003c   Data   RW         4563    .data               tasks.o
    0x200002bc   COMPRESSED   0x00000020   Data   RW         4814    .data               heap_4.o
    0x200002dc   COMPRESSED   0x0000000c   Data   RW         4874    .data               port.o
    0x200002e8   COMPRESSED   0x00000004   Data   RW         5479    .data               mc_w.l(mvars.o)
    0x200002ec   COMPRESSED   0x00000004   Data   RW         5480    .data               mc_w.l(mvars.o)
    0x200002f0   COMPRESSED   0x00000004   Data   RW         5484    .data               mc_w.l(errno.o)
    0x200002f4        -       0x000002d0   Zero   RW           18    .bss                main.o
    0x200005c4        -       0x00000254   Zero   RW          460    .bss                freertos.o
    0x20000818        -       0x00000040   Zero   RW          551    .bss                tim.o
    0x20000858        -       0x000003c0   Zero   RW          632    .bss                stm32f4xx_hal_can.o
    0x20000c18        -       0x00000270   Zero   RW         3272    .bss                can_receive.o
    0x20000e88        -       0x00000050   Zero   RW         3354    .bss                can.o
    0x20000ed8        -       0x000000c8   Zero   RW         3402    .bss                sbus.o
    0x20000fa0        -       0x00000120   Zero   RW         3475    .bss                usart.o
    0x200010c0        -       0x00000060   Zero   RW         3476    .bss                usart.o
    0x20001120        -       0x00000480   Zero   RW         3594    .bss                chassis.o
    0x200015a0        -       0x000002e4   Zero   RW         3735    .bss                superstratum.o
    0x20001884        -       0x00000010   Zero   RW         3736    .bss                superstratum.o
    0x20001894        -       0x00000050   Zero   RW         3987    .bss                add.o
    0x200018e4        -       0x00000132   Zero   RW         4031    .bss                hwt101.o
    0x20001a16   COMPRESSED   0x00000002   PAD
    0x20001a18        -       0x000000f0   Zero   RW         4562    .bss                tasks.o
    0x20001b08        -       0x00005000   Zero   RW         4813    .bss                heap_4.o
    0x20006b08        -       0x00000200   Zero   RW            2    HEAP                startup_stm32f429xx.o
    0x20006d08        -       0x00000400   Zero   RW            1    STACK               startup_stm32f429xx.o


==============================================================================

Image component sizes


      Code (inc. data)   RO Data    RW Data    ZI Data      Debug   Object Name

       332         36          0         16         80       1674   add.o
      3632        584          0        192          0      13561   auto.o
       278         26          0         12         80       2065   can.o
       960         94          0         52        624       7660   can_receive.o
      2942        244          0         48       1152      11207   chassis.o
       144          0          0          0          0      28967   cmsis_os.o
         0          0          0          0          0      16892   event_groups.o
       284         18        240         32        596       5626   freertos.o
       568         24          0         32      20480       6751   heap_4.o
       520         76          0         61        306       4891   hwt101.o
       148          0          0          0          0       3594   list.o
       660         70          0         12        720     799017   main.o
       188         18          0          8          0       1342   mode_choic.o
        56          6          0          4          0       1200   niming.o
       452         12          0          4          0       3564   pid.o
       810         90          0         12          0      11917   port.o
      1164         96          0         40        200       9676   sbus.o
        36          8        428          0       1536        832   startup_stm32f429xx.o
       184         30          0         12          0       9569   stm32f4xx_hal.o
      2166         40          0          8        960      17689   stm32f4xx_hal_can.o
       248         16          0          0          0      34217   stm32f4xx_hal_cortex.o
      1176         20          8          0          0       6437   stm32f4xx_hal_dma.o
      1000         34          0          0          0       3953   stm32f4xx_hal_gpio.o
       932         78          0          4          0       4021   stm32f4xx_hal_msp.o
       120         12          0          0          0       1268   stm32f4xx_hal_pwr_ex.o
      1524        104          0          0          0       5448   stm32f4xx_hal_rcc.o
       706         20          0          0          0       8016   stm32f4xx_hal_tim.o
       154          0          0          0          0       2469   stm32f4xx_hal_tim_ex.o
      2926         20          0          0          0      18261   stm32f4xx_hal_uart.o
       232         62          0         20          0       8130   stm32f4xx_it.o
         0          0          0          0          0        392   stream_buffer.o
      2280        232          0         92        756      10532   superstratum.o
        28          8         24          4          0       1163   system_stm32f4xx.o
      1898        136          0         60        240      21116   tasks.o
       200         34          0          4         64       2286   tim.o
       340         60          0          9        384       3607   usart.o

    ----------------------------------------------------------------------
     29350       2320        732        744      28180    1089010   Object Totals
         0          0         32          0          0          0   (incl. Generated)
        62         12          0          6          2          0   (incl. Padding)

    ----------------------------------------------------------------------

      Code (inc. data)   RO Data    RW Data    ZI Data      Debug   Library Member Name

       744        106        152          0          0        352   atan.o
       512         64          0          0          0        208   atan2.o
        72          8          0          0          0        372   dunder.o
        24          0          0          0          0        124   fabs.o
        48          0          0          0          0        124   fpclassify.o
       248          0          0          0          0        152   poly.o
         0          0          8          0          0          0   qnan.o
       122          0          0          0          0        148   sqrt.o
        58          0          0          0          0          0   __dczerorl.o
         0          0          0          0          0          0   entry.o
         0          0          0          0          0          0   entry10a.o
         0          0          0          0          0          0   entry11a.o
         4          0          0          0          0          0   entry12b.o
         8          4          0          0          0          0   entry2.o
         4          0          0          0          0          0   entry5.o
         0          0          0          0          0          0   entry7b.o
         0          0          0          0          0          0   entry8b.o
         8          4          0          0          0          0   entry9a.o
        12          6          0          4          0         68   errno.o
        30          0          0          0          0          0   handlers.o
        36          8          0          0          0         68   init.o
         0          0          0          0          0          0   iusefp.o
        30          0          0          0          0         68   llshl.o
        36          0          0          0          0         68   llsshr.o
        32          0          0          0          0         68   llushr.o
       188         20          0          0          0        160   malloc.o
        36          0          0          0          0        108   memseta.o
         0          0          0          8          0          0   mvars.o
        98          0          0          0          0         92   uldiv.o
        48          0          0          0          0         68   cdcmple.o
        48          0          0          0          0         68   cdrcmple.o
        56          0          0          0          0         88   d2f.o
       334          0          0          0          0        148   dadd.o
       222          0          0          0          0        100   ddiv.o
       186          0          0          0          0        176   depilogue.o
        62          0          0          0          0         80   dfixi.o
        34          0          0          0          0         76   dflti.o
       228          0          0          0          0         96   dmul.o
       162          0          0          0          0        100   dsqrt.o
        38          0          0          0          0         68   f2d.o
       110          0          0          0          0        168   fepilogue.o

    ----------------------------------------------------------------------
      3894        220        160         12          0       3416   Library Totals
        16          0          0          0          0          0   (incl. Padding)

    ----------------------------------------------------------------------

      Code (inc. data)   RO Data    RW Data    ZI Data      Debug   Library Name

      1770        178        160          0          0       1480   m_wm.l
       580         42          0         12          0        700   mc_w.l
      1528          0          0          0          0       1236   mf_w.l

    ----------------------------------------------------------------------
      3894        220        160         12          0       3416   Library Totals

    ----------------------------------------------------------------------

==============================================================================


      Code (inc. data)   RO Data    RW Data    ZI Data      Debug   

     33244       2540        892        756      28180    1071974   Grand Totals
     33244       2540        892         72      28180    1071974   ELF Image Totals (compressed)
     33244       2540        892         72          0          0   ROM Totals

==============================================================================

    Total RO  Size (Code + RO Data)                34136 (  33.34kB)
    Total RW  Size (RW Data + ZI Data)             28936 (  28.26kB)
    Total ROM Size (Code + RO Data + RW Data)      34208 (  33.41kB)

==============================================================================

